ets Jul 29 2019 12:21:46

rst:0x1 (POWERON_RESET),boot:0x13 (SPI_FAST_FLASH_BOOT)
configsip: 0, SPIWP:0xee
clk_drv:0x00,q_drv:0x00,d_drv:0x00,cs0_drv:0x00,hd_drv:0x00,wp_drv:0x00
mode:DIO, clock div:2
load:0x3fff0030,len:6276
load:0x40078000,len:15716
load:0x40080400,len:4
ho 8 tail 4 room 4
load:0x40080404,len:3860
entry 0x4008063c
[0;32mI (31) boot: ESP-IDF v5.4 2nd stage bootloader[0m
[0;32mI (31) boot: compile time Jan 22 2025 18:21:57[0m
[0;32mI (31) boot: Multicore bootloader[0m
[0;32mI (32) boot: chip revision: v3.1[0m
[0;32mI (35) boot.esp32: SPI Speed      : 40MHz[0m
[0;32mI (39) boot.esp32: SPI Mode       : DIO[0m
[0;32mI (42) boot.esp32: SPI Flash Size : 2MB[0m
[0;32mI (46) boot: Enabling RNG early entropy source...[0m
[0;32mI (50) boot: Partition Table:[0m
[0;32mI (53) boot: ## Label            Usage          Type ST Offset   Length[0m
[0;32mI (59) boot:  0 nvs              WiFi data        01 02 00009000 00006000[0m
[0;32mI (66) boot:  1 phy_init         RF data          01 01 0000f000 00001000[0m
[0;32mI (72) boot:  2 factory          factory app      00 00 00010000 00100000[0m
[0;32mI (79) boot: End of partition table[0m
[0;32mI (82) esp_image: segment 0: paddr=00010020 vaddr=3f400020 size=0c9ach ( 51628) map[0m
[0;32mI (107) esp_image: segment 1: paddr=0001c9d4 vaddr=3ff80000 size=0001ch (    28) load[0m
[0;32mI (108) esp_image: segment 2: paddr=0001c9f8 vaddr=3ffb0000 size=023dch (  9180) load[0m
[0;32mI (115) esp_image: segment 3: paddr=0001eddc vaddr=40080000 size=0123ch (  4668) load[0m
[0;32mI (121) esp_image: segment 4: paddr=00020020 vaddr=400d0020 size=24814h (149524) map[0m
[0;32mI (177) esp_image: segment 5: paddr=0004483c vaddr=4008123c size=0ba64h ( 47716) load[0m
[0;32mI (202) boot: Loaded app from partition at offset 0x10000[0m
[0;32mI (202) boot: Disabling RNG early entropy source...[0m
[0;32mI (213) cpu_start: Multicore app[0m
[0;32mI (221) cpu_start: Pro cpu start user code[0m
[0;32mI (221) cpu_start: cpu freq: 160000000 Hz[0m
[0;32mI (221) app_init: Application information:[0m
[0;32mI (221) app_init: Project name:     read_write_blink[0m
[0;32mI (226) app_init: App version:      1[0m
[0;32mI (229) app_init: Compile time:     Jan 22 2025 18:20:38[0m
[0;32mI (234) app_init: ELF file SHA256:  fec53044e...[0m
[0;32mI (239) app_init: ESP-IDF:          v5.4[0m
[0;32mI (242) efuse_init: Min chip rev:     v0.0[0m
[0;32mI (246) efuse_init: Max chip rev:     v3.99 [0m
[0;32mI (250) efuse_init: Chip rev:         v3.1[0m
[0;32mI (254) heap_init: Initializing. RAM available for dynamic allocation:[0m
[0;32mI (261) heap_init: At 3FFAE6E0 len 00001920 (6 KiB): DRAM[0m
[0;32mI (266) heap_init: At 3FFB8518 len 00027AE8 (158 KiB): DRAM[0m
[0;32mI (271) heap_init: At 3FFE0440 len 00003AE0 (14 KiB): D/IRAM[0m
[0;32mI (276) heap_init: At 3FFE4350 len 0001BCB0 (111 KiB): D/IRAM[0m
[0;32mI (282) heap_init: At 4008CCA0 len 00013360 (76 KiB): IRAM[0m
[0;32mI (288) spi_flash: detected chip: generic[0m
[0;32mI (291) spi_flash: flash io: dio[0m
[0;33mW (294) spi_flash: Detected size(4096k) larger than the size in the binary image header(2048k). Using the size in the binary image header.[0m
[0;32mI (306) main_task: Started on CPU0[0m
[0;32mI (316) main_task: Calling app_main()[0m
[0;32mI (316) gpio: GPIO[5]| InputEn: 0| OutputEn: 0| OpenDrain: 0| Pullup: 1| Pulldown: 0| Intr:0 [0m
[0;32mI (316) gpio: GPIO[2]| InputEn: 0| OutputEn: 0| OpenDrain: 0| Pullup: 1| Pulldown: 0| Intr:0 [0m

assert failed: tcpip_callback /IDF/components/lwip/lwip/src/api/tcpip.c:318 (Invalid mbox)


Backtrace: 0x400818c1:0x3ffb95d0 0x400857c5:0x3ffb95f0 0x4008b689:0x3ffb9610 0x400d9dfe:0x3ffb9730 0x400d9dac:0x3ffb9750 0x400d6f56:0x3ffb9770 0x400d6f6b:0x3ffb9790 0x400d6f2e:0x3ffb97e0 0x400f41dc:0x3ffb9810 0x40085fb9:0x3ffb9840




ELF file SHA256: fec53044e

Rebooting...
ets Jul 29 2019 12:21:46

rst:0xc (SW_CPU_RESET),boot:0x13 (SPI_FAST_FLASH_BOOT)
configsip: 0, SPIWP:0xee
clk_drv:0x00,q_drv:0x00,d_drv:0x00,cs0_drv:0x00,hd_drv:0x00,wp_drv:0x00
mode:DIO, clock div:2
load:0x3fff0030,len:6276
load:0x40078000,len:15716
load:0x40080400,len:4
ho 8 tail 4 room 4
load:0x40080404,len:3860
entry 0x4008063c
[0;32mI (31) boot: ESP-IDF v5.4 2nd stage bootloader[0m
[0;32mI (31) boot: compile time Jan 22 2025 18:21:57[0m
[0;32mI (31) boot: Multicore bootloader[0m
[0;32mI (32) boot: chip revision: v3.1[0m
[0;32mI (35) boot.esp32: SPI Speed      : 40MHz[0m
[0;32mI (39) boot.esp32: SPI Mode       : DIO[0m
[0;32mI (42) boot.esp32: SPI Flash Size : 2MB[0m
[0;32mI (46) boot: Enabling RNG early entropy source...[0m
[0;32mI (50) boot: Partition Table:[0m
[0;32mI (53) boot: ## Label            Usage          Type ST Offset   Length[0m
[0;32mI (59) boot:  0 nvs              WiFi data        01 02 00009000 00006000[0m
[0;32mI (66) boot:  1 phy_init         RF data          01 01 0000f000 00001000[0m
[0;32mI (72) boot:  2 factory          factory app      00 00 00010000 00100000[0m
[0;32mI (79) boot: End of partition table[0m
[0;32mI (82) esp_image: segment 0: paddr=00010020 vaddr=3f400020 size=0c9ach ( 51628) map[0m
[0;32mI (107) esp_image: segment 1: paddr=0001c9d4 vaddr=3ff80000 size=0001ch (    28) load[0m
[0;32mI (108) esp_image: segment 2: paddr=0001c9f8 vaddr=3ffb0000 size=023dch (  9180) load[0m
[0;32mI (115) esp_image: segment 3: paddr=0001eddc vaddr=40080000 size=0123ch (  4668) load[0m
[0;32mI (121) esp_image: segment 4: paddr=00020020 vaddr=400d0020 size=24814h (149524) map[0m
[0;32mI (177) esp_image: segment 5: paddr=0004483c vaddr=4008123c size=0ba64h ( 47716) load[0m
[0;32mI (202) boot: Loaded app from partition at offset 0x10000[0m
[0;32mI (202) boot: Disabling RNG early entropy source...[0m
[0;32mI (213) cpu_start: Multicore app[0m
[0;32mI (221) cpu_start: Pro cpu start user code[0m
[0;32mI (221) cpu_start: cpu freq: 160000000 Hz[0m
[0;32mI (221) app_init: Application information:[0m
[0;32mI (221) app_init: Project name:     read_write_blink[0m
[0;32mI (226) app_init: App version:      1[0m
[0;32mI (229) app_init: Compile time:     Jan 22 2025 18:20:38[0m
[0;32mI (234) app_init: ELF file SHA256:  fec53044e...[0m
[0;32mI (239) app_init: ESP-IDF:          v5.4[0m
[0;32mI (242) efuse_init: Min chip rev:     v0.0[0m
[0;32mI (246) efuse_init: Max chip rev:     v3.99 [0m
[0;32mI (250) efuse_init: Chip rev:         v3.1[0m
[0;32mI (254) heap_init: Initializing. RAM available for dynamic allocation:[0m
[0;32mI (260) heap_init: At 3FFAE6E0 len 00001920 (6 KiB): DRAM[0m
[0;32mI (265) heap_init: At 3FFB8518 len 00027AE8 (158 KiB): DRAM[0m
[0;32mI (271) heap_init: At 3FFE0440 len 00003AE0 (14 KiB): D/IRAM[0m
[0;32mI (276) heap_init: At 3FFE4350 len 0001BCB0 (111 KiB): D/IRAM[0m
[0;32mI (282) heap_init: At 4008CCA0 len 00013360 (76 KiB): IRAM[0m
[0;32mI (288) spi_flash: detected chip: generic[0m
[0;32mI (290) spi_flash: flash io: dio[0m
[0;33mW (293) spi_flash: Detected size(4096k) larger than the size in the binary image header(2048k). Using the size in the binary image header.[0m
[0;32mI (306) main_task: Started on CPU0[0m
[0;32mI (316) main_task: Calling app_main()[0m
[0;32mI (316) gpio: GPIO[5]| InputEn: 0| OutputEn: 0| OpenDrain: 0| Pullup: 1| Pulldown: 0| Intr:0 [0m
[0;32mI (316) gpio: GPIO[2]| InputEn: 0| OutputEn: 0| OpenDrain: 0| Pullup: 1| Pulldown: 0| Intr:0 [0m

assert failed: tcpip_callback /IDF/components/lwip/lwip/src/api/tcpip.c:318 (Invalid mbox)


Backtrace: 0x400818c1:0x3ffb95d0 0x400857c5:0x3ffb95f0 0x4008b689:0x3ffb9610 0x400d9dfe:0x3ffb9730 0x400d9dac:0x3ffb9750 0x400d6f56:0x3ffb9770 0x400d6f6b:0x3ffb9790 0x400d6f2e:0x3ffb97e0 0x400f41dc:0x3ffb9810 0x40085fb9:0x3ffb9840




ELF file SHA256: fec53044e

Rebooting...
ets Jul 29 2019 12:21:46

rst:0xc (SW_CPU_RESET),boot:0x13 (SPI_FAST_FLASH_BOOT)
configsip: 0, SPIWP:0xee
clk_drv:0x00,q_drv:0x00,d_drv:0x00,cs0_drv:0x00,hd_drv:0x00,wp_drv:0x00
mode:DIO, clock div:2
load:0x3fff0030,len:6276
load:0x40078000,len:15716
load:0x40080400,len:4
ho 8 tail 4 room 4
load:0x40080404,len:3860
entry 0x4008063c
[0;32mI (31) boot: ESP-IDF v5.4 2nd stage bootloader[0m
[0;32mI (31) boot: compile time Jan 22 2025 18:21:57[0m
[0;32mI (31) boot: Multicore bootloader[0m
[0;32mI (32) boot: chip revision: v3.1[0m
[0;32mI (35) boot.esp32: SPI Speed      : 40MHz[0m
[0;32mI (39) boot.esp32: SPI Mode       : DIO[0m
[0;32mI (42) boot.esp32: SPI Flash Size : 2MB[0m
[0;32mI (46) boot: Enabling RNG early entropy source...[0m
[0;32mI (50) boot: Partition Table:[0m
[0;32mI (53) boot: ## Label            Usage          Type ST Offset   Length[0m
[0;32mI (59) boot:  0 nvs              WiFi data        01 02 00009000 00006000[0m
[0;32mI (66) boot:  1 phy_init         RF data          01 01 0000f000 00001000[0m
[0;32mI (72) boot:  2 factory          factory app      00 00 00010000 00100000[0m
[0;32mI (79) boot: End of partition table[0m
[0;32mI (82) esp_image: segment 0: paddr=00010020 vaddr=3f400020 size=0c9ach ( 51628) map[0m
[0;32mI (107) esp_image: segment 1: paddr=0001c9d4 vaddr=3ff80000 size=0001ch (    28) load[0m
[0;32mI (108) esp_image: segment 2: paddr=0001c9f8 vaddr=3ffb0000 size=023dch (  9180) load[0m
[0;32mI (115) esp_image: segment 3: paddr=0001eddc vaddr=40080000 size=0123ch (  4668) load[0m
[0;32mI (121) esp_image: segment 4: paddr=00020020 vaddr=400d0020 size=24814h (149524) map[0m
[0;32mI (177) esp_image: segment 5: paddr=0004483c vaddr=4008123c size=0ba64h ( 47716) load[0m
[0;32mI (202) boot: Loaded app from partition at offset 0x10000[0m
[0;32mI (202) boot: Disabling RNG early entropy source...[0m
[0;32mI (213) cpu_start: Multicore app[0m
[0;32mI (221) cpu_start: Pro cpu start user code[0m
[0;32mI (221) cpu_start: cpu freq: 160000000 Hz[0m
[0;32mI (221) app_init: Application information:[0m
[0;32mI (221) app_init: Project name:     read_write_blink[0m
[0;32mI (226) app_init: App version:      1[0m
[0;32mI (229) app_init: Compile time:     Jan 22 2025 18:20:38[0m
[0;32mI (234) app_init: ELF file SHA256:  fec53044e...[0m
[0;32mI (239) app_init: ESP-IDF:          v5.4[0m
[0;32mI (242) efuse_init: Min chip rev:     v0.0[0m
[0;32mI (246) efuse_init: Max chip rev:     v3.99 [0m
[0;32mI (250) efuse_init: Chip rev:         v3.1[0m
[0;32mI (254) heap_init: Initializing. RAM available for dynamic allocation:[0m
[0;32mI (260) heap_init: At 3FFAE6E0 len 00001920 (6 KiB): DRAM[0m
[0;32mI (265) heap_init: At 3FFB8518 len 00027AE8 (158 KiB): DRAM[0m
[0;32mI (271) heap_init: At 3FFE0440 len 00003AE0 (14 KiB): D/IRAM[0m
[0;32mI (276) heap_init: At 3FFE4350 len 0001BCB0 (111 KiB): D/IRAM[0m
[0;32mI (282) heap_init: At 4008CCA0 len 00013360 (76 KiB): IRAM[0m
[0;32mI (288) spi_flash: detected chip: generic[0m
[0;32mI (291) spi_flash: flash io: dio[0m
[0;33mW (293) spi_flash: Detected size(4096k) larger than the size in the binary image header(2048k). Using the size in the binary image header.[0m
[0;32mI (306) main_task: Started on CPU0[0m
[0;32mI (316) main_task: Calling app_main()[0m
[0;32mI (316) gpio: GPIO[5]| InputEn: 0| OutputEn: 0| OpenDrain: 0| Pullup: 1| Pulldown: 0| Intr:0 [0m
[0;32mI (316) gpio: GPIO[2]| InputEn: 0| OutputEn: 0| OpenDrain: 0| Pullup: 1| Pulldown: 0| Intr:0 [0m

assert failed: tcpip_callback /IDF/components/lwip/lwip/src/api/tcpip.c:318 (Invalid mbox)


Backtrace: 0x400818c1:0x3ffb95d0 0x400857c5:0x3ffb95f0 0x4008b689:0x3ffb9610 0x400d9dfe:0x3ffb9730 0x400d9dac:0x3ffb9750 0x400d6f56:0x3ffb9770 0x400d6f6b:0x3ffb9790 0x400d6f2e:0x3ffb97e0 0x400f41dc:0x3ffb9810 0x40085fb9:0x3ffb9840




ELF file SHA256: fec53044e

Rebooting...
ets Jul 29 2019 12:21:46

rst:0xc (SW_CPU_RESET),boot:0x13 (SPI_FAST_FLASH_BOOT)
configsip: 0, SPIWP:0xee
clk_drv:0x00,q_drv:0x00,d_drv:0x00,cs0_drv:0x00,hd_drv:0x00,wp_drv:0x00
mode:DIO, clock div:2
load:0x3fff0030,len:6276
load:0x40078000,len:15716
load:0x40080400,len:4
ho 8 tail 4 room 4
load:0x40080404,len:3860
entry 0x4008063c
[0;32mI (31) boot: ESP-IDF v5.4 2nd stage bootloader[0m
[0;32mI (31) boot: compile time Jan 22 2025 18:21:57[0m
[0;32mI (31) boot: Multicore bootloader[0m
[0;32mI (32) boot: chip revision: v3.1[0m
[0;32mI (35) boot.esp32: SPI Speed      : 40MHz[0m
[0;32mI (39) boot.esp32: SPI Mode       : DIO[0m
[0;32mI (42) boot.esp32: SPI Flash Size : 2MB[0m
[0;32mI (46) boot: Enabling RNG early entropy source...[0m
[0;32mI (50) boot: Partition Table:[0m
[0;32mI (53) boot: ## Label            Usage          Type ST Offset   Length[0m
[0;32mI (59) boot:  0 nvs              WiFi data        01 02 00009000 00006000[0m
[0;32mI (66) boot:  1 phy_init         RF data          01 01 0000f000 00001000[0m
[0;32mI (72) boot:  2 factory          factory app      00 00 00010000 00100000[0m
[0;32mI (79) boot: End of partition table[0m
[0;32mI (82) esp_image: segment 0: paddr=00010020 vaddr=3f400020 size=0c9ach ( 51628) map[0m
[0;32mI (107) esp_image: segment 1: paddr=0001c9d4 vaddr=3ff80000 size=0001ch (    28) load[0m
[0;32mI (108) esp_image: segment 2: paddr=0001c9f8 vaddr=3ffb0000 size=023dch (  9180) load[0m
[0;32mI (115) esp_image: segment 3: paddr=0001eddc vaddr=40080000 size=0123ch (  4668) load[0m
[0;32mI (121) esp_image: segment 4: paddr=00020020 vaddr=400d0020 size=24814h (149524) map[0m
[0;32mI (177) esp_image: segment 5: paddr=0004483c vaddr=4008123c size=0ba64h ( 47716) load[0m
[0;32mI (202) boot: Loaded app from partition at offset 0x10000[0m
[0;32mI (202) boot: Disabling RNG early entropy source...[0m
[0;32mI (213) cpu_start: Multicore app[0m
[0;32mI (221) cpu_start: Pro cpu start user code[0m
[0;32mI (221) cpu_start: cpu freq: 160000000 Hz[0m
[0;32mI (221) app_init: Application information:[0m
[0;32mI (221) app_init: Project name:     read_write_blink[0m
[0;32mI (226) app_init: App version:      1[0m
[0;32mI (229) app_init: Compile time:     Jan 22 2025 18:20:38[0m
[0;32mI (234) app_init: ELF file SHA256:  fec53044e...[0m
[0;32mI (239) app_init: ESP-IDF:          v5.4[0m
[0;32mI (242) efuse_init: Min chip rev:     v0.0[0m
[0;32mI (246) efuse_init: Max chip rev:     v3.99 [0m
[0;32mI (250) efuse_init: Chip rev:         v3.1[0m
[0;32mI (254) heap_init: Initializing. RAM available for dynamic allocation:[0m
[0;32mI (260) heap_init: At 3FFAE6E0 len 00001920 (6 KiB): DRAM[0m
[0;32mI (265) heap_init: At 3FFB8518 len 00027AE8 (158 KiB): DRAM[0m
[0;32mI (271) heap_init: At 3FFE0440 len 00003AE0 (14 KiB): D/IRAM[0m
[0;32mI (276) heap_init: At 3FFE4350 len 0001BCB0 (111 KiB): D/IRAM[0m
[0;32mI (282) heap_init: At 4008CCA0 len 00013360 (76 KiB): IRAM[0m
[0;32mI (288) spi_flash: detected chip: generic[0m
[0;32mI (290) spi_flash: flash io: dio[0m
[0;33mW (293) spi_flash: Detected size(4096k) larger than the size in the binary image header(2048k). Using the size in the binary image header.[0m
[0;32mI (306) main_task: Started on CPU0[0m
[0;32mI (316) main_task: Calling app_main()[0m
[0;32mI (316) gpio: GPIO[5]| InputEn: 0| OutputEn: 0| OpenDrain: 0| Pullup: 1| Pulldown: 0| Intr:0 [0m
[0;32mI (316) gpio: GPIO[2]| InputEn: 0| OutputEn: 0| OpenDrain: 0| Pullup: 1| Pulldown: 0| Intr:0 [0m

assert failed: tcpip_callback /IDF/components/lwip/lwip/src/api/tcpip.c:318 (Invalid mbox)


Backtrace: 0x400818c1:0x3ffb95d0 0x400857c5:0x3ffb95f0 0x4008b689:0x3ffb9610 0x400d9dfe:0x3ffb9730 0x400d9dac:0x3ffb9750 0x400d6f56:0x3ffb9770 0x400d6f6b:0x3ffb9790 0x400d6f2e:0x3ffb97e0 0x400f41dc:0x3ffb9810 0x40085fb9:0x3ffb9840




ELF file SHA256: fec53044e

Rebooting...
ets Jul 29 2019 12:21:46

rst:0xc (SW_CPU_RESET),boot:0x13 (SPI_FAST_FLASH_BOOT)
configsip: 0, SPIWP:0xee
clk_drv:0x00,q_drv:0x00,d_drv:0x00,cs0_drv:0x00,hd_drv:0x00,wp_drv:0x00
mode:DIO, clock div:2
load:0x3fff0030,len:6276
load:0x40078000,len:15716
load:0x40080400,len:4
ho 8 tail 4 room 4
load:0x40080404,len:3860
entry 0x4008063c
[0;32mI (31) boot: ESP-IDF v5.4 2nd stage bootloader[0m
[0;32mI (31) boot: compile time Jan 22 2025 18:21:57[0m
[0;32mI (31) boot: Multicore bootloader[0m
[0;32mI (32) boot: chip revision: v3.1[0m
[0;32mI (35) boot.esp32: SPI Speed      : 40MHz[0m
[0;32mI (39) boot.esp32: SPI Mode       : DIO[0m
[0;32mI (42) boot.esp32: SPI Flash Size : 2MB[0m
[0;32mI (46) boot: Enabling RNG early entropy source...[0m
[0;32mI (50) boot: Partition Table:[0m
[0;32mI (53) boot: ## Label            Usage          Type ST Offset   Length[0m
[0;32mI (59) boot:  0 nvs              WiFi data        01 02 00009000 00006000[0m
[0;32mI (66) boot:  1 phy_init         RF data          01 01 0000f000 00001000[0m
[0;32mI (72) boot:  2 factory          factory app      00 00 00010000 00100000[0m
[0;32mI (79) boot: End of partition table[0m
[0;32mI (82) esp_image: segment 0: paddr=00010020 vaddr=3f400020 size=0c9ach ( 51628) map[0m
[0;32mI (107) esp_image: segment 1: paddr=0001c9d4 vaddr=3ff80000 size=0001ch (    28) load[0m
[0;32mI (108) esp_image: segment 2: paddr=0001c9f8 vaddr=3ffb0000 size=023dch (  9180) load[0m
[0;32mI (115) esp_image: segment 3: paddr=0001eddc vaddr=40080000 size=0123ch (  4668) load[0m
[0;32mI (121) esp_image: segment 4: paddr=00020020 vaddr=400d0020 size=24814h (149524) map[0m
[0;32mI (177) esp_image: segment 5: paddr=0004483c vaddr=4008123c size=0ba64h ( 47716) load[0m
[0;32mI (202) boot: Loaded app from partition at offset 0x10000[0m
[0;32mI (202) boot: Disabling RNG early entropy source...[0m
[0;32mI (213) cpu_start: Multicore app[0m
[0;32mI (221) cpu_start: Pro cpu start user code[0m
[0;32mI (221) cpu_start: cpu freq: 160000000 Hz[0m
[0;32mI (221) app_init: Application information:[0m
[0;32mI (221) app_init: Project name:     read_write_blink[0m
[0;32mI (226) app_init: App version:      1[0m
[0;32mI (229) app_init: Compile time:     Jan 22 2025 18:20:38[0m
[0;32mI (234) app_init: ELF file SHA256:  fec53044e...[0m
[0;32mI (239) app_init: ESP-IDF:          v5.4[0m
[0;32mI (242) efuse_init: Min chip rev:     v0.0[0m
[0;32mI (246) efuse_init: Max chip rev:     v3.99 [0m
[0;32mI (250) efuse_init: Chip rev:         v3.1[0m
[0;32mI (254) heap_init: Initializing. RAM available for dynamic allocation:[0m
[0;32mI (260) heap_init: At 3FFAE6E0 len 00001920 (6 KiB): DRAM[0m
[0;32mI (265) heap_init: At 3FFB8518 len 00027AE8 (158 KiB): DRAM[0m
[0;32mI (271) heap_init: At 3FFE0440 len 00003AE0 (14 KiB): D/IRAM[0m
[0;32mI (276) heap_init: At 3FFE4350 len 0001BCB0 (111 KiB): D/IRAM[0m
[0;32mI (282) heap_init: At 4008CCA0 len 00013360 (76 KiB): IRAM[0m
[0;32mI (288) spi_flash: detected chip: generic[0m
[0;32mI (290) spi_flash: flash io: dio[0m
[0;33mW (293) spi_flash: Detected size(4096k) larger than the size in the binary image header(2048k). Using the size in the binary image header.[0m
[0;32mI (306) main_task: Started on CPU0[0m
[0;32mI (316) main_task: Calling app_main()[0m
[0;32mI (316) gpio: GPIO[5]| InputEn: 0| OutputEn: 0| OpenDrain: 0| Pullup: 1| Pulldown: 0| Intr:0 [0m
[0;32mI (316) gpio: GPIO[2]| InputEn: 0| OutputEn: 0| OpenDrain: 0| Pullup: 1| Pulldown: 0| Intr:0 [0m

assert failed: tcpip_callback /IDF/components/lwip/lwip/src/api/tcpip.c:318 (Invalid mbox)


Backtrace: 0x400818c1:0x3ffb95d0 0x400857c5:0x3ffb95f0 0x4008b689:0x3ffb9610 0x400d9dfe:0x3ffb9730 0x400d9dac:0x3ffb9750 0x400d6f56:0x3ffb9770 0x400d6f6b:0x3ffb9790 0x400d6f2e:0x3ffb97e0 0x400f41dc:0x3ffb9810 0x40085fb9:0x3ffb9840




ELF file SHA256: fec53044e

Rebooting...
ets Jul 29 2019 12:21:46

rst:0xc (SW_CPU_RESET),boot:0x13 (SPI_FAST_FLASH_BOOT)
configsip: 0, SPIWP:0xee
clk_drv:0x00,q_drv:0x00,d_drv:0x00,cs0_drv:0x00,hd_drv:0x00,wp_drv:0x00
mode:DIO, clock div:2
load:0x3fff0030,len:6276
load:0x40078000,len:15716
load:0x40080400,len:4
ho 8 tail 4 room 4
load:0x40080404,len:3860
entry 0x4008063c
[0;32mI (31) boot: ESP-IDF v5.4 2nd stage bootloader[0m
[0;32mI (31) boot: compile time Jan 22 2025 18:21:57[0m
[0;32mI (31) boot: Multicore bootloader[0m
[0;32mI (32) boot: chip revision: v3.1[0m
[0;32mI (35) boot.esp32: SPI Speed      : 40MHz[0m
[0;32mI (39) boot.esp32: SPI Mode       : DIO[0m
[0;32mI (42) boot.esp32: SPI Flash Size : 2MB[0m
[0;32mI (46) boot: Enabling RNG early entropy source...[0m
[0;32mI (50) boot: Partition Table:[0m
[0;32mI (53) boot: ## Label            Usage          Type ST Offset   Length[0m
[0;32mI (59) boot:  0 nvs              WiFi data        01 02 00009000 00006000[0m
[0;32mI (66) boot:  1 phy_init         RF data          01 01 0000f000 00001000[0m
[0;32mI (72) boot:  2 factory          factory app      00 00 00010000 00100000[0m
[0;32mI (79) boot: End of partition table[0m
[0;32mI (82) esp_image: segment 0: paddr=00010020 vaddr=3f400020 size=0c9ach ( 51628) map[0m
[0;32mI (107) esp_image: segment 1: paddr=0001c9d4 vaddr=3ff80000 size=0001ch (    28) load[0m
[0;32mI (108) esp_image: segment 2: paddr=0001c9f8 vaddr=3ffb0000 size=023dch (  9180) load[0m
[0;32mI (115) esp_image: segment 3: paddr=0001eddc vaddr=40080000 size=0123ch (  4668) load[0m
[0;32mI (121) esp_image: segment 4: paddr=00020020 vaddr=400d0020 size=24814h (149524) map[0m
[0;32mI (177) esp_image: segment 5: paddr=0004483c vaddr=4008123c size=0ba64h ( 47716) load[0m
[0;32mI (202) boot: Loaded app from partition at offset 0x10000[0m
[0;32mI (202) boot: Disabling RNG early entropy source...[0m
[0;32mI (213) cpu_start: Multicore app[0m
[0;32mI (221) cpu_start: Pro cpu start user code[0m
[0;32mI (221) cpu_start: cpu freq: 160000000 Hz[0m
[0;32mI (221) app_init: Application information:[0m
[0;32mI (221) app_init: Project name:     read_write_blink[0m
[0;32mI (226) app_init: App version:      1[0m
[0;32mI (229) app_init: Compile time:     Jan 22 2025 18:20:38[0m
[0;32mI (234) app_init: ELF file SHA256:  fec53044e...[0m
[0;32mI (239) app_init: ESP-IDF:          v5.4[0m
[0;32mI (242) efuse_init: Min chip rev:     v0.0[0m
[0;32mI (246) efuse_init: Max chip rev:     v3.99 [0m
[0;32mI (250) efuse_init: Chip rev:         v3.1[0m
[0;32mI (254) heap_init: Initializing. RAM available for dynamic allocation:[0m
[0;32mI (260) heap_init: At 3FFAE6E0 len 00001920 (6 KiB): DRAM[0m
[0;32mI (265) heap_init: At 3FFB8518 len 00027AE8 (158 KiB): DRAM[0m
[0;32mI (271) heap_init: At 3FFE0440 len 00003AE0 (14 KiB): D/IRAM[0m
[0;32mI (276) heap_init: At 3FFE4350 len 0001BCB0 (111 KiB): D/IRAM[0m
[0;32mI (282) heap_init: At 4008CCA0 len 00013360 (76 KiB): IRAM[0m
[0;32mI (288) spi_flash: detected chip: generic[0m
[0;32mI (290) spi_flash: flash io: dio[0m
[0;33mW (293) spi_flash: Detected size(4096k) larger than the size in the binary image header(2048k). Using the size in the binary image header.[0m
[0;32mI (306) main_task: Started on CPU0[0m
[0;32mI (316) main_task: Calling app_main()[0m
[0;32mI (316) gpio: GPIO[5]| InputEn: 0| OutputEn: 0| OpenDrain: 0| Pullup: 1| Pulldown: 0| Intr:0 [0m
[0;32mI (316) gpio: GPIO[2]| InputEn: 0| OutputEn: 0| OpenDrain: 0| Pullup: 1| Pulldown: 0| Intr:0 [0m

assert failed: tcpip_callback /IDF/components/lwip/lwip/src/api/tcpip.c:318 (Invalid mbox)


Backtrace: 0x400818c1:0x3ffb95d0 0x400857c5:0x3ffb95f0 0x4008b689:0x3ffb9610 0x400d9dfe:0x3ffb9730 0x400d9dac:0x3ffb9750 0x400d6f56:0x3ffb9770 0x400d6f6b:0x3ffb9790 0x400d6f2e:0x3ffb97e0 0x400f41dc:0x3ffb9810 0x40085fb9:0x3ffb9840




ELF file SHA256: fec53044e

Rebooting...
ets Jul 29 2019 12:21:46

rst:0xc (SW_CPU_RESET),boot:0x13 (SPI_FAST_FLASH_BOOT)
configsip: 0, SPIWP:0xee
clk_drv:0x00,q_drv:0x00,d_drv:0x00,cs0_drv:0x00,hd_drv:0x00,wp_drv:0x00
mode:DIO, clock div:2
load:0x3fff0030,len:6276
load:0x40078000,len:15716
load:0x40080400,len:4
ho 8 tail 4 room 4
load:0x40080404,len:3860
entry 0x4008063c
[0;32mI (31) boot: ESP-IDF v5.4 2nd stage bootloader[0m
[0;32mI (31) boot: compile time Jan 22 2025 18:21:57[0m
[0;32mI (31) boot: Multicore bootloader[0m
[0;32mI (32) boot: chip revision: v3.1[0m
[0;32mI (35) boot.esp32: SPI Speed      : 40MHz[0m
[0;32mI (39) boot.esp32: SPI Mode       : DIO[0m
[0;32mI (42) boot.esp32: SPI Flash Size : 2MB[0m
[0;32mI (46) boot: Enabling RNG early entropy source...[0m
[0;32mI (50) boot: Partition Table:[0m
[0;32mI (53) boot: ## Label            Usage          Type ST Offset   Length[0m
[0;32mI (59) boot:  0 nvs              WiFi data        01 02 00009000 00006000[0m
[0;32mI (66) boot:  1 phy_init         RF data          01 01 0000f000 00001000[0m
[0;32mI (72) boot:  2 factory          factory app      00 00 00010000 00100000[0m
[0;32mI (79) boot: End of partition table[0m
[0;32mI (82) esp_image: segment 0: paddr=00010020 vaddr=3f400020 size=0c9ach ( 51628) map[0m
[0;32mI (107) esp_image: segment 1: paddr=0001c9d4 vaddr=3ff80000 size=0001ch (    28) load[0m
[0;32mI (108) esp_image: segment 2: paddr=0001c9f8 vaddr=3ffb0000 size=023dch (  9180) load[0m
[0;32mI (115) esp_image: segment 3: paddr=0001eddc vaddr=40080000 size=0123ch (  4668) load[0m
[0;32mI (121) esp_image: segment 4: paddr=00020020 vaddr=400d0020 size=24814h (149524) map[0m
[0;32mI (177) esp_image: segment 5: paddr=0004483c vaddr=4008123c size=0ba64h ( 47716) load[0m
[0;32mI (202) boot: Loaded app from partition at offset 0x10000[0m
[0;32mI (202) boot: Disabling RNG early entropy source...[0m
[0;32mI (213) cpu_start: Multicore app[0m
[0;32mI (221) cpu_start: Pro cpu start user code[0m
[0;32mI (221) cpu_start: cpu freq: 160000000 Hz[0m
[0;32mI (221) app_init: Application information:[0m
[0;32mI (221) app_init: Project name:     read_write_blink[0m
[0;32mI (226) app_init: App version:      1[0m
[0;32mI (229) app_init: Compile time:     Jan 22 2025 18:20:38[0m
[0;32mI (234) app_init: ELF file SHA256:  fec53044e...[0m
[0;32mI (239) app_init: ESP-IDF:          v5.4[0m
[0;32mI (242) efuse_init: Min chip rev:     v0.0[0m
[0;32mI (246) efuse_init: Max chip rev:     v3.99 [0m
[0;32mI (250) efuse_init: Chip rev:         v3.1[0m
[0;32mI (254) heap_init: Initializing. RAM available for dynamic allocation:[0m
[0;32mI (260) heap_init: At 3FFAE6E0 len 00001920 (6 KiB): DRAM[0m
[0;32mI (265) heap_init: At 3FFB8518 len 00027AE8 (158 KiB): DRAM[0m
[0;32mI (271) heap_init: At 3FFE0440 len 00003AE0 (14 KiB): D/IRAM[0m
[0;32mI (276) heap_init: At 3FFE4350 len 0001BCB0 (111 KiB): D/IRAM[0m
[0;32mI (282) heap_init: At 4008CCA0 len 00013360 (76 KiB): IRAM[0m
[0;32mI (288) spi_flash: detected chip: generic[0m
[0;32mI (290) spi_flash: flash io: dio[0m
[0;33mW (293) spi_flash: Detected size(4096k) larger than the size in the binary image header(2048k). Using the size in the binary image header.[0m
[0;32mI (306) main_task: Started on CPU0[0m
[0;32mI (316) main_task: Calling app_main()[0m
[0;32mI (316) gpio: GPIO[5]| InputEn: 0| OutputEn: 0| OpenDrain: 0| Pullup: 1| Pulldown: 0| Intr:0 [0m
[0;32mI (316) gpio: GPIO[2]| InputEn: 0| OutputEn: 0| OpenDrain: 0| Pullup: 1| Pulldown: 0| Intr:0 [0m

assert failed: tcpip_callback /IDF/components/lwip/lwip/src/api/tcpip.c:318 (Invalid mbox)


Backtrace: 0x400818c1:0x3ffb95d0 0x400857c5:0x3ffb95f0 0x4008b689:0x3ffb9610 0x400d9dfe:0x3ffb9730 0x400d9dac:0x3ffb9750 0x400d6f56:0x3ffb9770 0x400d6f6b:0x3ffb9790 0x400d6f2e:0x3ffb97e0 0x400f41dc:0x3ffb9810 0x40085fb9:0x3ffb9840




ELF file SHA256: fec53044e

Rebooting...
ets Jul 29 2019 12:21:46

rst:0xc (SW_CPU_RESET),boot:0x13 (SPI_FAST_FLASH_BOOT)
configsip: 0, SPIWP:0xee
clk_drv:0x00,q_drv:0x00,d_drv:0x00,cs0_drv:0x00,hd_drv:0x00,wp_drv:0x00
mode:DIO, clock div:2
load:0x3fff0030,len:6276
load:0x40078000,len:15716
load:0x40080400,len:4
ho 8 tail 4 room 4
load:0x40080404,len:3860
entry 0x4008063c
[0;32mI (31) boot: ESP-IDF v5.4 2nd stage bootloader[0m
[0;32mI (31) boot: compile time Jan 22 2025 18:21:57[0m
[0;32mI (31) boot: Multicore bootloader[0m
[0;32mI (32) boot: chip revision: v3.1[0m
[0;32mI (35) boot.esp32: SPI Speed      : 40MHz[0m
[0;32mI (39) boot.esp32: SPI Mode       : DIO[0m
[0;32mI (42) boot.esp32: SPI Flash Size : 2MB[0m
[0;32mI (46) boot: Enabling RNG early entropy source...[0m
[0;32mI (50) boot: Partition Table:[0m
[0;32mI (53) boot: ## Label            Usage          Type ST Offset   Length[0m
[0;32mI (59) boot:  0 nvs              WiFi data        01 02 00009000 00006000[0m
[0;32mI (66) boot:  1 phy_init         RF data          01 01 0000f000 00001000[0m
[0;32mI (72) boot:  2 factory          factory app      00 00 00010000 00100000[0m
[0;32mI (79) boot: End of partition table[0m
[0;32mI (82) esp_image: segment 0: paddr=00010020 vaddr=3f400020 size=0c9ach ( 51628) map[0m
[0;32mI (107) esp_image: segment 1: paddr=0001c9d4 vaddr=3ff80000 size=0001ch (    28) load[0m
[0;32mI (108) esp_image: segment 2: paddr=0001c9f8 vaddr=3ffb0000 size=023dch (  9180) load[0m
[0;32mI (115) esp_image: segment 3: paddr=0001eddc vaddr=40080000 size=0123ch (  4668) load[0m
[0;32mI (121) esp_image: segment 4: paddr=00020020 vaddr=400d0020 size=24814h (149524) map[0m
[0;32mI (177) esp_image: segment 5: paddr=0004483c vaddr=4008123c size=0ba64h ( 47716) load[0m
[0;32mI (202) boot: Loaded app from partition at offset 0x10000[0m
[0;32mI (202) boot: Disabling RNG early entropy source...[0m
[0;32mI (213) cpu_start: Multicore app[0m
[0;32mI (221) cpu_start: Pro cpu start user code[0m
[0;32mI (221) cpu_start: cpu freq: 160000000 Hz[0m
[0;32mI (221) app_init: Application information:[0m
[0;32mI (221) app_init: Project name:     read_write_blink[0m
[0;32mI (226) app_init: App version:      1[0m
[0;32mI (229) app_init: Compile time:     Jan 22 2025 18:20:38[0m
[0;32mI (234) app_init: ELF file SHA256:  fec53044e...[0m
[0;32mI (239) app_init: ESP-IDF:          v5.4[0m
[0;32mI (242) efuse_init: Min chip rev:     v0.0[0m
[0;32mI (246) efuse_init: Max chip rev:     v3.99 [0m
[0;32mI (250) efuse_init: Chip rev:         v3.1[0m
[0;32mI (254) heap_init: Initializing. RAM available for dynamic allocation:[0m
[0;32mI (260) heap_init: At 3FFAE6E0 len 00001920 (6 KiB): DRAM[0m
[0;32mI (265) heap_init: At 3FFB8518 len 00027AE8 (158 KiB): DRAM[0m
[0;32mI (271) heap_init: At 3FFE0440 len 00003AE0 (14 KiB): D/IRAM[0m
[0;32mI (276) heap_init: At 3FFE4350 len 0001BCB0 (111 KiB): D/IRAM[0m
[0;32mI (282) heap_init: At 4008CCA0 len 00013360 (76 KiB): IRAM[0m
[0;32mI (288) spi_flash: detected chip: generic[0m
[0;32mI (290) spi_flash: flash io: dio[0m
[0;33mW (293) spi_flash: Detected size(4096k) larger than the size in the binary image header(2048k). Using the size in the binary image header.[0m
[0;32mI (306) main_task: Started on CPU0[0m
[0;32mI (316) main_task: Calling app_main()[0m
[0;32mI (316) gpio: GPIO[5]| InputEn: 0| OutputEn: 0| OpenDrain: 0| Pullup: 1| Pulldown: 0| Intr:0 [0m
[0;32mI (316) gpio: GPIO[2]| InputEn: 0| OutputEn: 0| OpenDrain: 0| Pullup: 1| Pulldown: 0| Intr:0 [0m

assert failed: tcpip_callback /IDF/components/lwip/lwip/src/api/tcpip.c:318 (Invalid mbox)


Backtrace: 0x400818c1:0x3ffb95d0 0x400857c5:0x3ffb95f0 0x4008b689:0x3ffb9610 0x400d9dfe:0x3ffb9730 0x400d9dac:0x3ffb9750 0x400d6f56:0x3ffb9770 0x400d6f6b:0x3ffb9790 0x400d6f2e:0x3ffb97e0 0x400f41dc:0x3ffb9810 0x40085fb9:0x3ffb9840




ELF file SHA256: fec53044e

Rebooting...
ets Jul 29 2019 12:21:46

rst:0xc (SW_CPU_RESET),boot:0x13 (SPI_FAST_FLASH_BOOT)
configsip: 0, SPIWP:0xee
clk_drv:0x00,q_drv:0x00,d_drv:0x00,cs0_drv:0x00,hd_drv:0x00,wp_drv:0x00
mode:DIO, clock div:2
load:0x3fff0030,len:6276
load:0x40078000,len:15716
load:0x40080400,len:4
ho 8 tail 4 room 4
load:0x40080404,len:3860
entry 0x4008063c
[0;32mI (31) boot: ESP-IDF v5.4 2nd stage bootloader[0m
[0;32mI (31) boot: compile time Jan 22 2025 18:21:57[0m
[0;32mI (31) boot: Multicore bootloader[0m
[0;32mI (32) boot: chip revision: v3.1[0m
[0;32mI (35) boot.esp32: SPI Speed      : 40MHz[0m
[0;32mI (39) boot.esp32: SPI Mode       : DIO[0m
[0;32mI (42) boot.esp32: SPI Flash Size : 2MB[0m
[0;32mI (46) boot: Enabling RNG early entropy source...[0m
[0;32mI (50) boot: Partition Table:[0m
[0;32mI (53) boot: ## Label            Usage          Type ST Offset   Length[0m
[0;32mI (59) boot:  0 nvs              WiFi data        01 02 00009000 00006000[0m
[0;32mI (66) boot:  1 phy_init         RF data          01 01 0000f000 00001000[0m
[0;32mI (72) boot:  2 factory          factory app      00 00 00010000 00100000[0m
[0;32mI (79) boot: End of partition table[0m
[0;32mI (82) esp_image: segment 0: paddr=00010020 vaddr=3f400020 size=0c9ach ( 51628) map[0m
[0;32mI (107) esp_image: segment 1: paddr=0001c9d4 vaddr=3ff80000 size=0001ch (    28) load[0m
[0;32mI (108) esp_image: segment 2: paddr=0001c9f8 vaddr=3ffb0000 size=023dch (  9180) load[0m
[0;32mI (115) esp_image: segment 3: paddr=0001eddc vaddr=40080000 size=0123ch (  4668) load[0m
[0;32mI (121) esp_image: segment 4: paddr=00020020 vaddr=400d0020 size=24814h (149524) map[0m
[0;32mI (177) esp_image: segment 5: paddr=0004483c vaddr=4008123c size=0ba64h ( 47716) load[0m
[0;32mI (202) boot: Loaded app from partition at offset 0x10000[0m
[0;32mI (202) boot: Disabling RNG early entropy source...[0m
[0;32mI (213) cpu_start: Multicore app[0m
[0;32mI (221) cpu_start: Pro cpu start user code[0m
[0;32mI (221) cpu_start: cpu freq: 160000000 Hz[0m
[0;32mI (221) app_init: Application information:[0m
[0;32mI (221) app_init: Project name:     read_write_blink[0m
[0;32mI (226) app_init: App version:      1[0m
[0;32mI (229) app_init: Compile time:     Jan 22 2025 18:20:38[0m
[0;32mI (234) app_init: ELF file SHA256:  fec53044e...[0m
[0;32mI (239) app_init: ESP-IDF:          v5.4[0m
[0;32mI (242) efuse_init: Min chip rev:     v0.0[0m
[0;32mI (246) efuse_init: Max chip rev:     v3.99 [0m
[0;32mI (250) efuse_init: Chip rev:         v3.1[0m
[0;32mI (254) heap_init: Initializing. RAM available for dynamic allocation:[0m
[0;32mI (260) heap_init: At 3FFAE6E0 len 00001920 (6 KiB): DRAM[0m
[0;32mI (265) heap_init: At 3FFB8518 len 00027AE8 (158 KiB): DRAM[0m
[0;32mI (271) heap_init: At 3FFE0440 len 00003AE0 (14 KiB): D/IRAM[0m
[0;32mI (276) heap_init: At 3FFE4350 len 0001BCB0 (111 KiB): D/IRAM[0m
[0;32mI (282) heap_init: At 4008CCA0 len 00013360 (76 KiB): IRAM[0m
[0;32mI (288) spi_flash: detected chip: generic[0m
[0;32mI (290) spi_flash: flash io: dio[0m
[0;33mW (293) spi_flash: Detected size(4096k) larger than the size in the binary image header(2048k). Using the size in the binary image header.[0m
[0;32mI (306) main_task: Started on CPU0[0m
[0;32mI (316) main_task: Calling app_main()[0m
[0;32mI (316) gpio: GPIO[5]| InputEn: 0| OutputEn: 0| OpenDrain: 0| Pullup: 1| Pulldown: 0| Intr:0 [0m
[0;32mI (316) gpio: GPIO[2]| InputEn: 0| OutputEn: 0| OpenDrain: 0| Pullup: 1| Pulldown: 0| Intr:0 [0m

assert failed: tcpip_callback /IDF/components/lwip/lwip/src/api/tcpip.c:318 (Invalid mbox)


Backtrace: 0x400818c1:0x3ffb95d0 0x400857c5:0x3ffb95f0 0x4008b689:0x3ffb9610 0x400d9dfe:0x3ffb9730 0x400d9dac:0x3ffb9750 0x400d6f56:0x3ffb9770 0x400d6f6b:0x3ffb9790 0x400d6f2e:0x3ffb97e0 0x400f41dc:0x3ffb9810 0x40085fb9:0x3ffb9840




ELF file SHA256: fec53044e

Rebooting...
ets Jul 29 2019 12:21:46

rst:0xc (SW_CPU_RESET),boot:0x13 (SPI_FAST_FLASH_BOOT)
configsip: 0, SPIWP:0xee
clk_drv:0x00,q_drv:0x00,d_drv:0x00,cs0_drv:0x00,hd_drv:0x00,wp_drv:0x00
mode:DIO, clock div:2
load:0x3fff0030,len:6276
load:0x40078000,len:15716
load:0x40080400,len:4
ho 8 tail 4 room 4
load:0x40080404,len:3860
entry 0x4008063c
[0;32mI (31) boot: ESP-IDF v5.4 2nd stage bootloader[0m
[0;32mI (31) boot: compile time Jan 22 2025 18:21:57[0m
[0;32mI (31) boot: Multicore bootloader[0m
[0;32mI (32) boot: chip revision: v3.1[0m
[0;32mI (35) boot.esp32: SPI Speed      : 40MHz[0m
[0;32mI (39) boot.esp32: SPI Mode       : DIO[0m
[0;32mI (42) boot.esp32: SPI Flash Size : 2MB[0m
[0;32mI (46) boot: Enabling RNG early entropy source...[0m
[0;32mI (50) boot: Partition Table:[0m
[0;32mI (53) boot: ## Label            Usage          Type ST Offset   Length[0m
[0;32mI (59) boot:  0 nvs              WiFi data        01 02 00009000 00006000[0m
[0;32mI (66) boot:  1 phy_init         RF data          01 01 0000f000 00001000[0m
[0;32mI (72) boot:  2 factory          factory app      00 00 00010000 00100000[0m
[0;32mI (79) boot: End of partition table[0m
[0;32mI (82) esp_image: segment 0: paddr=00010020 vaddr=3f400020 size=0c9ach ( 51628) map[0m
[0;32mI (107) esp_image: segment 1: paddr=0001c9d4 vaddr=3ff80000 size=0001ch (    28) load[0m
[0;32mI (108) esp_image: segment 2: paddr=0001c9f8 vaddr=3ffb0000 size=023dch (  9180) load[0m
[0;32mI (115) esp_image: segment 3: paddr=0001eddc vaddr=40080000 size=0123ch (  4668) load[0m
[0;32mI (121) esp_image: segment 4: paddr=00020020 vaddr=400d0020 size=24814h (149524) map[0m
[0;32mI (177) esp_image: segment 5: paddr=0004483c vaddr=4008123c size=0ba64h ( 47716) load[0m
[0;32mI (202) boot: Loaded app from partition at offset 0x10000[0m
[0;32mI (202) boot: Disabling RNG early entropy source...[0m
[0;32mI (213) cpu_start: Multicore app[0m
[0;32mI (221) cpu_start: Pro cpu start user code[0m
[0;32mI (221) cpu_start: cpu freq: 160000000 Hz[0m
[0;32mI (221) app_init: Application information:[0m
[0;32mI (221) app_init: Project name:     read_write_blink[0m
[0;32mI (226) app_init: App version:      1[0m
[0;32mI (229) app_init: Compile time:     Jan 22 2025 18:20:38[0m
[0;32mI (234) app_init: ELF file SHA256:  fec53044e...[0m
[0;32mI (239) app_init: ESP-IDF:          v5.4[0m
[0;32mI (242) efuse_init: Min chip rev:     v0.0[0m
[0;32mI (246) efuse_init: Max chip rev:     v3.99 [0m
[0;32mI (250) efuse_init: Chip rev:         v3.1[0m
[0;32mI (254) heap_init: Initializing. RAM available for dynamic allocation:[0m
[0;32mI (260) heap_init: At 3FFAE6E0 len 00001920 (6 KiB): DRAM[0m
[0;32mI (265) heap_init: At 3FFB8518 len 00027AE8 (158 KiB): DRAM[0m
I (271) heap_init: At 3FFE0440 len 00003AE0 (14 KiB): D/IRAM
[0;32mI (276) heap_init: At 3FFE4350 len 0001BCB0 (111 KiB): D/IRAM[0m
[0;32mI (282) heap_init: At 4008CCA0 len 00013360 (76 KiB): IRAM[0m
[0;32mI (288) spi_flash: detected chip: generic[0m
[0;32mI (290) spi_flash: flash io: dio[0m
[0;33mW (293) spi_flash: Detected size(4096k) larger than the size in the binary image header(2048k). Using the size in the binary image header.[0m
[0;32mI (306) main_task: Started on CPU0[0m
[0;32mI (316) main_task: Calling app_main()[0m
[0;32mI (316) gpio: GPIO[5]| InputEn: 0| OutputEn: 0| OpenDrain: 0| Pullup: 1| Pulldown: 0| Intr:0 [0m
[0;32mI (316) gpio: GPIO[2]| InputEn: 0| OutputEn: 0| OpenDrain: 0| Pullup: 1| Pulldown: 0| Intr:0 [0m

assert failed: tcpip_callback /IDF/components/lwip/lwip/src/api/tcpip.c:318 (Invalid mbox)


Backtrace: 0x400818c1:0x3ffb95d0 0x400857c5:0x3ffb95f0 0x4008b689:0x3ffb9610 0x400d9dfe:0x3ffb9730 0x400d9dac:0x3ffb9750 0x400d6f56:0x3ffb9770 0x400d6f6b:0x3ffb9790 0x400d6f2e:0x3ffb97e0 0x400f41dc:0x3ffb9810 0x40085fb9:0x3ffb9840




ELF file SHA256: fec53044e

Rebooting...
ets Jul 29 2019 12:21:46

rst:0xc (SW_CPU_RESET),boot:0x13 (SPI_FAST_FLASH_BOOT)
configsip: 0, SPIWP:0xee
clk_drv:0x00,q_drv:0x00,d_drv:0x00,cs0_drv:0x00,hd_drv:0x00,wp_drv:0x00
mode:DIO, clock div:2
load:0x3fff0030,len:6276
load:0x40078000,len:15716
load:0x40080400,len:4
ho 8 tail 4 room 4
load:0x40080404,len:3860
entry 0x4008063c
[0;32mI (31) boot: ESP-IDF v5.4 2nd stage bootloader[0m
[0;32mI (31) boot: compile time Jan 22 2025 18:21:57[0m
[0;32mI (31) boot: Multicore bootloader[0m
[0;32mI (32) boot: chip revision: v3.1[0m
[0;32mI (35) boot.esp32: SPI Speed      : 40MHz[0m
[0;32mI (39) boot.esp32: SPI Mode       : DIO[0m
[0;32mI (42) boot.esp32: SPI Flash Size : 2MB[0m
[0;32mI (46) boot: Enabling RNG early entropy source...[0m
[0;32mI (50) boot: Partition Table:[0m
[0;32mI (53) boot: ## Label            Usage          Type ST Offset   Length[0m
[0;32mI (59) boot:  0 nvs              WiFi data        01 02 00009000 00006000[0m
[0;32mI (66) boot:  1 phy_init         RF data          01 01 0000f000 00001000[0m
[0;32mI (72) boot:  2 factory          factory app      00 00 00010000 00100000[0m
[0;32mI (79) boot: End of partition table[0m
[0;32mI (82) esp_image: segment 0: paddr=00010020 vaddr=3f400020 size=0c9ach ( 51628) map[0m
[0;32mI (107) esp_image: segment 1: paddr=0001c9d4 vaddr=3ff80000 size=0001ch (    28) load[0m
[0;32mI (108) esp_image: segment 2: paddr=0001c9f8 vaddr=3ffb0000 size=023dch (  9180) load[0m
[0;32mI (115) esp_image: segment 3: paddr=0001eddc vaddr=40080000 size=0123ch (  4668) load[0m
[0;32mI (121) esp_image: segment 4: paddr=00020020 vaddr=400d0020 size=24814h (149524) map[0m
[0;32mI (177) esp_image: segment 5: paddr=0004483c vaddr=4008123c size=0ba64h ( 47716) load[0m
[0;32mI (202) boot: Loaded app from partition at offset 0x10000[0m
[0;32mI (202) boot: Disabling RNG early entropy source...[0m
[0;32mI (213) cpu_start: Multicore app[0m
[0;32mI (221) cpu_start: Pro cpu start user code[0m
[0;32mI (221) cpu_start: cpu freq: 160000000 Hz[0m
[0;32mI (221) app_init: Application information:[0m
[0;32mI (221) app_init: Project name:     read_write_blink[0m
[0;32mI (226) app_init: App version:      1[0m
[0;32mI (229) app_init: Compile time:     Jan 22 2025 18:20:38[0m
[0;32mI (234) app_init: ELF file SHA256:  fec53044e...[0m
[0;32mI (239) app_init: ESP-IDF:          v5.4[0m
[0;32mI (242) efuse_init: Min chip rev:     v0.0[0m
[0;32mI (246) efuse_init: Max chip rev:     v3.99 [0m
[0;32mI (250) efuse_init: Chip rev:         v3.1[0m
[0;32mI (254) heap_init: Initializing. RAM available for dynamic allocation:[0m
[0;32mI (260) heap_init: At 3FFAE6E0 len 00001920 (6 KiB): DRAM[0m
[0;32mI (265) heap_init: At 3FFB8518 len 00027AE8 (158 KiB): DRAM[0m
[0;32mI (271) heap_init: At 3FFE0440 len 00003AE0 (14 KiB): D/IRAM[0m
[0;32mI (276) heap_init: At 3FFE4350 len 0001BCB0 (111 KiB): D/IRAM[0m
[0;32mI (282) heap_init: At 4008CCA0 len 00013360 (76 KiB): IRAM[0m
[0;32mI (288) spi_flash: detected chip: generic[0m
[0;32mI (290) spi_flash: flash io: dio[0m
[0;33mW (293) spi_flash: Detected size(4096k) larger than the size in the binary image header(2048k). Using the size in the binary image header.[0m
[0;32mI (306) main_task: Started on CPU0[0m
[0;32mI (316) main_task: Calling app_main()[0m
[0;32mI (316) gpio: GPIO[5]| InputEn: 0| OutputEn: 0| OpenDrain: 0| Pullup: 1| Pulldown: 0| Intr:0 [0m
[0;32mI (316) gpio: GPIO[2]| InputEn: 0| OutputEn: 0| OpenDrain: 0| Pullup: 1| Pulldown: 0| Intr:0 [0m

assert failed: tcpip_callback /IDF/components/lwip/lwip/src/api/tcpip.c:318 (Invalid mbox)


Backtrace: 0x400818c1:0x3ffb95d0 0x400857c5:0x3ffb95f0 0x4008b689:0x3ffb9610 0x400d9dfe:0x3ffb9730 0x400d9dac:0x3ffb9750 0x400d6f56:0x3ffb9770 0x400d6f6b:0x3ffb9790 0x400d6f2e:0x3ffb97e0 0x400f41dc:0x3ffb9810 0x40085fb9:0x3ffb9840




ELF file SHA256: fec53044e

Rebooting...
ets Jul 29 2019 12:21:46

rst:0xc (SW_CPU_RESET),boot:0x13 (SPI_FAST_FLASH_BOOT)
configsip: 0, SPIWP:0xee
clk_drv:0x00,q_drv:0x00,d_drv:0x00,cs0_drv:0x00,hd_drv:0x00,wp_drv:0x00
mode:DIO, clock div:2
load:0x3fff0030,len:6276
load:0x40078000,len:15716
load:0x40080400,len:4
ho 8 tail 4 room 4
load:0x40080404,len:3860
entry 0x4008063c
[0;32mI (31) boot: ESP-IDF v5.4 2nd stage bootloader[0m
[0;32mI (31) boot: compile time Jan 22 2025 18:21:57[0m
[0;32mI (31) boot: Multicore bootloader[0m
[0;32mI (32) boot: chip revision: v3.1[0m
[0;32mI (35) boot.esp32: SPI Speed      : 40MHz[0m
[0;32mI (39) boot.esp32: SPI Mode       : DIO[0m
[0;32mI (42) boot.esp32: SPI Flash Size : 2MB[0m
[0;32mI (46) boot: Enabling RNG early entropy source...[0m
[0;32mI (50) boot: Partition Table:[0m
[0;32mI (53) boot: ## Label            Usage          Type ST Offset   Length[0m
[0;32mI (59) boot:  0 nvs              WiFi data        01 02 00009000 00006000[0m
[0;32mI (66) boot:  1 phy_init         RF data          01 01 0000f000 00001000[0m
[0;32mI (72) boot:  2 factory          factory app      00 00 00010000 00100000[0m
[0;32mI (79) boot: End of partition table[0m
[0;32mI (82) esp_image: segment 0: paddr=00010020 vaddr=3f400020 size=0c9ach ( 51628) map[0m
[0;32mI (107) esp_image: segment 1: paddr=0001c9d4 vaddr=3ff80000 size=0001ch (    28) load[0m
[0;32mI (108) esp_image: segment 2: paddr=0001c9f8 vaddr=3ffb0000 size=023dch (  9180) load[0m
[0;32mI (115) esp_image: segment 3: paddr=0001eddc vaddr=40080000 size=0123ch (  4668) load[0m
[0;32mI (121) esp_image: segment 4: paddr=00020020 vaddr=400d0020 size=24814h (149524) map[0m
[0;32mI (177) esp_image: segment 5: paddr=0004483c vaddr=4008123c size=0ba64h ( 47716) load[0m
[0;32mI (202) boot: Loaded app from partition at offset 0x10000[0m
[0;32mI (202) boot: Disabling RNG early entropy source...[0m
[0;32mI (213) cpu_start: Multicore app[0m
[0;32mI (221) cpu_start: Pro cpu start user code[0m
[0;32mI (221) cpu_start: cpu freq: 160000000 Hz[0m
[0;32mI (221) app_init: Application information:[0m
[0;32mI (221) app_init: Project name:     read_write_blink[0m
[0;32mI (226) app_init: App version:      1[0m
[0;32mI (229) app_init: Compile time:     Jan 22 2025 18:20:38[0m
[0;32mI (234) app_init: ELF file SHA256:  fec53044e...[0m
[0;32mI (239) app_init: ESP-IDF:          v5.4[0m
[0;32mI (242) efuse_init: Min chip rev:     v0.0[0m
[0;32mI (246) efuse_init: Max chip rev:     v3.99 [0m
[0;32mI (250) efuse_init: Chip rev:         v3.1[0m
[0;32mI (254) heap_init: Initializing. RAM available for dynamic allocation:[0m
[0;32mI (260) heap_init: At 3FFAE6E0 len 00001920 (6 KiB): DRAM[0m
[0;32mI (265) heap_init: At 3FFB8518 len 00027AE8 (158 KiB): DRAM[0m
[0;32mI (271) heap_init: At 3FFE0440 len 00003AE0 (14 KiB): D/IRAM[0m
[0;32mI (276) heap_init: At 3FFE4350 len 0001BCB0 (111 KiB): D/IRAM[0m
[0;32mI (282) heap_init: At 4008CCA0 len 00013360 (76 KiB): IRAM[0m
[0;32mI (288) spi_flash: detected chip: generic[0m
[0;32mI (290) spi_flash: flash io: dio[0m
[0;33mW (293) spi_flash: Detected size(4096k) larger than the size in the binary image header(2048k). Using the size in the binary image header.[0m
[0;32mI (306) main_task: Started on CPU0[0m
[0;32mI (316) main_task: Calling app_main()[0m
[0;32mI (316) gpio: GPIO[5]| InputEn: 0| OutputEn: 0| OpenDrain: 0| Pullup: 1| Pulldown: 0| Intr:0 [0m
[0;32mI (316) gpio: GPIO[2]| InputEn: 0| OutputEn: 0| OpenDrain: 0| Pullup: 1| Pulldown: 0| Intr:0 [0m

assert failed: tcpip_callback /IDF/components/lwip/lwip/src/api/tcpip.c:318 (Invalid mbox)


Backtrace: 0x400818c1:0x3ffb95d0 0x400857c5:0x3ffb95f0 0x4008b689:0x3ffb9610 0x400d9dfe:0x3ffb9730 0x400d9dac:0x3ffb9750 0x400d6f56:0x3ffb9770 0x400d6f6b:0x3ffb9790 0x400d6f2e:0x3ffb97e0 0x400f41dc:0x3ffb9810 0x40085fb9:0x3ffb9840




ELF file SHA256: fec53044e

Rebooting...
ets Jul 29 2019 12:21:46

rst:0xc (SW_CPU_RESET),boot:0x13 (SPI_FAST_FLASH_BOOT)
configsip: 0, SPIWP:0xee
clk_drv:0x00,q_drv:0x00,d_drv:0x00,cs0_drv:0x00,hd_drv:0x00,wp_drv:0x00
mode:DIO, clock div:2
load:0x3fff0030,len:6276
load:0x40078000,len:15716
load:0x40080400,len:4
ho 8 tail 4 room 4
load:0x40080404,len:3860
entry 0x4008063c
[0;32mI (31) boot: ESP-IDF v5.4 2nd stage bootloader[0m
[0;32mI (31) boot: compile time Jan 22 2025 18:21:57[0m
[0;32mI (31) boot: Multicore bootloader[0m
[0;32mI (32) boot: chip revision: v3.1[0m
[0;32mI (35) boot.esp32: SPI Speed      : 40MHz[0m
[0;32mI (39) boot.esp32: SPI Mode       : DIO[0m
[0;32mI (42) boot.esp32: SPI Flash Size : 2MB[0m
[0;32mI (46) boot: Enabling RNG early entropy source...[0m
[0;32mI (50) boot: Partition Table:[0m
[0;32mI (53) boot: ## Label            Usage          Type ST Offset   Length[0m
[0;32mI (59) boot:  0 nvs              WiFi data        01 02 00009000 00006000[0m
[0;32mI (66) boot:  1 phy_init         RF data          01 01 0000f000 00001000[0m
[0;32mI (72) boot:  2 factory          factory app      00 00 00010000 00100000[0m
[0;32mI (79) boot: End of partition table[0m
[0;32mI (82) esp_image: segment 0: paddr=00010020 vaddr=3f400020 size=0c9ach ( 51628) map[0m
[0;32mI (107) esp_image: segment 1: paddr=0001c9d4 vaddr=3ff80000 size=0001ch (    28) load[0m
[0;32mI (108) esp_image: segment 2: paddr=0001c9f8 vaddr=3ffb0000 size=023dch (  9180) load[0m
[0;32mI (115) esp_image: segment 3: paddr=0001eddc vaddr=40080000 size=0123ch (  4668) load[0m
[0;32mI (121) esp_image: segment 4: paddr=00020020 vaddr=400d0020 size=24814h (149524) map[0m
[0;32mI (177) esp_image: segment 5: paddr=0004483c vaddr=4008123c size=0ba64h ( 47716) load[0m
[0;32mI (202) boot: Loaded app from partition at offset 0x10000[0m
[0;32mI (202) boot: Disabling RNG early entropy source...[0m
[0;32mI (213) cpu_start: Multicore app[0m
[0;32mI (221) cpu_start: Pro cpu start user code[0m
[0;32mI (221) cpu_start: cpu freq: 160000000 Hz[0m
[0;32mI (221) app_init: Application information:[0m
[0;32mI (221) app_init: Project name:     read_write_blink[0m
[0;32mI (226) app_init: App version:      1[0m
[0;32mI (229) app_init: Compile time:     Jan 22 2025 18:20:38[0m
[0;32mI (234) app_init: ELF file SHA256:  fec53044e...[0m
[0;32mI (239) app_init: ESP-IDF:          v5.4[0m
[0;32mI (242) efuse_init: Min chip rev:     v0.0[0m
[0;32mI (246) efuse_init: Max chip rev:     v3.99 [0m
[0;32mI (250) efuse_init: Chip rev:         v3.1[0m
[0;32mI (254) heap_init: Initializing. RAM available for dynamic allocation:[0m
[0;32mI (260) heap_init: At 3FFAE6E0 len 00001920 (6 KiB): DRAM[0m
[0;32mI (265) heap_init: At 3FFB8518 len 00027AE8 (158 KiB): DRAM[0m
[0;32mI (271) heap_init: At 3FFE0440 len 00003AE0 (14 KiB): D/IRAM[0m
[0;32mI (276) heap_init: At 3FFE4350 len 0001BCB0 (111 KiB): D/IRAM[0m
[0;32mI (282) heap_init: At 4008CCA0 len 00013360 (76 KiB): IRAM[0m
[0;32mI (288) spi_flash: detected chip: generic[0m
[0;32mI (290) spi_flash: flash io: dio[0m
[0;33mW (293) spi_flash: Detected size(4096k) larger than the size in the binary image header(2048k). Using the size in the binary image header.[0m
[0;32mI (306) main_task: Started on CPU0[0m
[0;32mI (316) main_task: Calling app_main()[0m
[0;32mI (316) gpio: GPIO[5]| InputEn: 0| OutputEn: 0| OpenDrain: 0| Pullup: 1| Pulldown: 0| Intr:0 [0m
[0;32mI (316) gpio: GPIO[2]| InputEn: 0| OutputEn: 0| OpenDrain: 0| Pullup: 1| Pulldown: 0| Intr:0 [0m

assert failed: tcpip_callback /IDF/components/lwip/lwip/src/api/tcpip.c:318 (Invalid mbox)


Backtrace: 0x400818c1:0x3ffb95d0 0x400857c5:0x3ffb95f0 0x4008b689:0x3ffb9610 0x400d9dfe:0x3ffb9730 0x400d9dac:0x3ffb9750 0x400d6f56:0x3ffb9770 0x400d6f6b:0x3ffb9790 0x400d6f2e:0x3ffb97e0 0x400f41dc:0x3ffb9810 0x40085fb9:0x3ffb9840




ELF file SHA256: fec53044e

Rebooting...
ets Jul 29 2019 12:21:46

rst:0xc (SW_CPU_RESET),boot:0x13 (SPI_FAST_FLASH_BOOT)
configsip: 0, SPIWP:0xee
clk_drv:0x00,q_drv:0x00,d_drv:0x00,cs0_drv:0x00,hd_drv:0x00,wp_drv:0x00
mode:DIO, clock div:2
load:0x3fff0030,len:6276
load:0x40078000,len:15716
load:0x40080400,len:4
ho 8 tail 4 room 4
load:0x40080404,len:3860
entry 0x4008063c
[0;32mI (31) boot: ESP-IDF v5.4 2nd stage bootloader[0m
[0;32mI (31) boot: compile time Jan 22 2025 18:21:57[0m
[0;32mI (31) boot: Multicore bootloader[0m
[0;32mI (32) boot: chip revision: v3.1[0m
[0;32mI (35) boot.esp32: SPI Speed      : 40MHz[0m
[0;32mI (39) boot.esp32: SPI Mode       : DIO[0m
[0;32mI (42) boot.esp32: SPI Flash Size : 2MB[0m
[0;32mI (46) boot: Enabling RNG early entropy source...[0m
[0;32mI (50) boot: Partition Table:[0m
[0;32mI (53) boot: ## Label            Usage          Type ST Offset   Length[0m
[0;32mI (59) boot:  0 nvs              WiFi data        01 02 00009000 00006000[0m
[0;32mI (66) boot:  1 phy_init         RF data          01 01 0000f000 00001000[0m
[0;32mI (72) boot:  2 factory          factory app      00 00 00010000 00100000[0m
[0;32mI (79) boot: End of partition table[0m
[0;32mI (82) esp_image: segment 0: paddr=00010020 vaddr=3f400020 size=0c9ach ( 51628) map[0m
[0;32mI (107) esp_image: segment 1: paddr=0001c9d4 vaddr=3ff80000 size=0001ch (    28) load[0m
[0;32mI (108) esp_image: segment 2: paddr=0001c9f8 vaddr=3ffb0000 size=023dch (  9180) load[0m
[0;32mI (115) esp_image: segment 3: paddr=0001eddc vaddr=40080000 size=0123ch (  4668) load[0m
[0;32mI (121) esp_image: segment 4: paddr=00020020 vaddr=400d0020 size=24814h (149524) map[0m
[0;32mI (177) esp_image: segment 5: paddr=0004483c vaddr=4008123c size=0ba64h ( 47716) load[0m
[0;32mI (202) boot: Loaded app from partition at offset 0x10000[0m
[0;32mI (202) boot: Disabling RNG early entropy source...[0m
[0;32mI (213) cpu_start: Multicore app[0m
[0;32mI (221) cpu_start: Pro cpu start user code[0m
[0;32mI (221) cpu_start: cpu freq: 160000000 Hz[0m
[0;32mI (221) app_init: Application information:[0m
[0;32mI (221) app_init: Project name:     read_write_blink[0m
[0;32mI (226) app_init: App version:      1[0m
[0;32mI (229) app_init: Compile time:     Jan 22 2025 18:20:38[0m
[0;32mI (234) app_init: ELF file SHA256:  fec53044e...[0m
[0;32mI (239) app_init: ESP-IDF:          v5.4[0m
[0;32mI (242) efuse_init: Min chip rev:     v0.0[0m
[0;32mI (246) efuse_init: Max chip rev:     v3.99 [0m
[0;32mI (250) efuse_init: Chip rev:         v3.1[0m
[0;32mI (254) heap_init: Initializing. RAM available for dynamic allocation:[0m
[0;32mI (260) heap_init: At 3FFAE6E0 len 00001920 (6 KiB): DRAM[0m
[0;32mI (265) heap_init: At 3FFB8518 len 00027AE8 (158 KiB): DRAM[0m
[0;32mI (271) heap_init: At 3FFE0440 len 00003AE0 (14 KiB): D/IRAM[0m
[0;32mI (276) heap_init: At 3FFE4350 len 0001BCB0 (111 KiB): D/IRAM[0m
[0;32mI (282) heap_init: At 4008CCA0 len 00013360 (76 KiB): IRAM[0m
[0;32mI (288) spi_flash: detected chip: generic[0m
[0;32mI (290) spi_flash: flash io: dio[0m
[0;33mW (293) spi_flash: Detected size(4096k) larger than the size in the binary image header(2048k). Using the size in the binary image header.[0m
[0;32mI (306) main_task: Started on CPU0[0m
[0;32mI (316) main_task: Calling app_main()[0m
[0;32mI (316) gpio: GPIO[5]| InputEn: 0| OutputEn: 0| OpenDrain: 0| Pullup: 1| Pulldown: 0| Intr:0 [0m
[0;32mI (316) gpio: GPIO[2]| InputEn: 0| OutputEn: 0| OpenDrain: 0| Pullup: 1| Pulldown: 0| Intr:0 [0m

assert failed: tcpip_callback /IDF/components/lwip/lwip/src/api/tcpip.c:318 (Invalid mbox)


Backtrace: 0x400818c1:0x3ffb95d0 0x400857c5:0x3ffb95f0 0x4008b689:0x3ffb9610 0x400d9dfe:0x3ffb9730 0x400d9dac:0x3ffb9750 0x400d6f56:0x3ffb9770 0x400d6f6b:0x3ffb9790 0x400d6f2e:0x3ffb97e0 0x400f41dc:0x3ffb9810 0x40085fb9:0x3ffb9840




ELF file SHA256: fec53044e

Rebooting...
ets Jul 29 2019 12:21:46

rst:0xc (SW_CPU_RESET),boot:0x13 (SPI_FAST_FLASH_BOOT)
configsip: 0, SPIWP:0xee
clk_drv:0x00,q_drv:0x00,d_drv:0x00,cs0_drv:0x00,hd_drv:0x00,wp_drv:0x00
mode:DIO, clock div:2
load:0x3fff0030,len:6276
load:0x40078000,len:15716
load:0x40080400,len:4
ho 8 tail 4 room 4
load:0x40080404,len:3860
entry 0x4008063c
[0;32mI (31) boot: ESP-IDF v5.4 2nd stage bootloader[0m
[0;32mI (31) boot: compile time Jan 22 2025 18:21:57[0m
[0;32mI (31) boot: Multicore bootloader[0m
[0;32mI (32) boot: chip revision: v3.1[0m
[0;32mI (35) boot.esp32: SPI Speed      : 40MHz[0m
[0;32mI (39) boot.esp32: SPI Mode       : DIO[0m
[0;32mI (42) boot.esp32: SPI Flash Size : 2MB[0m
[0;32mI (46) boot: Enabling RNG early entropy source...[0m
[0;32mI (50) boot: Partition Table:[0m
[0;32mI (53) boot: ## Label            Usage          Type ST Offset   Length[0m
[0;32mI (59) boot:  0 nvs              WiFi data        01 02 00009000 00006000[0m
[0;32mI (66) boot:  1 phy_init         RF data          01 01 0000f000 00001000[0m
[0;32mI (72) boot:  2 factory          factory app      00 00 00010000 00100000[0m
[0;32mI (79) boot: End of partition table[0m
[0;32mI (82) esp_image: segment 0: paddr=00010020 vaddr=3f400020 size=0c9ach ( 51628) map[0m
[0;32mI (107) esp_image: segment 1: paddr=0001c9d4 vaddr=3ff80000 size=0001ch (    28) load[0m
[0;32mI (108) esp_image: segment 2: paddr=0001c9f8 vaddr=3ffb0000 size=023dch (  9180) load[0m
[0;32mI (115) esp_image: segment 3: paddr=0001eddc vaddr=40080000 size=0123ch (  4668) load[0m
[0;32mI (121) esp_image: segment 4: paddr=00020020 vaddr=400d0020 size=24814h (149524) map[0m
[0;32mI (177) esp_image: segment 5: paddr=0004483c vaddr=4008123c size=0ba64h ( 47716) load[0m
[0;32mI (202) boot: Loaded app from partition at offset 0x10000[0m
[0;32mI (202) boot: Disabling RNG early entropy source...[0m
[0;32mI (213) cpu_start: Multicore app[0m
[0;32mI (221) cpu_start: Pro cpu start user code[0m
[0;32mI (221) cpu_start: cpu freq: 160000000 Hz[0m
[0;32mI (221) app_init: Application information:[0m
[0;32mI (221) app_init: Project name:     read_write_blink[0m
[0;32mI (226) app_init: App version:      1[0m
[0;32mI (229) app_init: Compile time:     Jan 22 2025 18:20:38[0m
[0;32mI (234) app_init: ELF file SHA256:  fec53044e...[0m
[0;32mI (239) app_init: ESP-IDF:          v5.4[0m
[0;32mI (242) efuse_init: Min chip rev:     v0.0[0m
[0;32mI (246) efuse_init: Max chip rev:     v3.99 [0m
[0;32mI (250) efuse_init: Chip rev:         v3.1[0m
[0;32mI (254) heap_init: Initializing. RAM available for dynamic allocation:[0m
[0;32mI (260) heap_init: At 3FFAE6E0 len 00001920 (6 KiB): DRAM[0m
[0;32mI (265) heap_init: At 3FFB8518 len 00027AE8 (158 KiB): DRAM[0m
[0;32mI (271) heap_init: At 3FFE0440 len 00003AE0 (14 KiB): D/IRAM[0m
[0;32mI (276) heap_init: At 3FFE4350 len 0001BCB0 (111 KiB): D/IRAM[0m
[0;32mI (282) heap_init: At 4008CCA0 len 00013360 (76 KiB): IRAM[0m
[0;32mI (288) spi_flash: detected chip: generic[0m
[0;32mI (290) spi_flash: flash io: dio[0m
[0;33mW (293) spi_flash: Detected size(4096k) larger than the size in the binary image header(2048k). Using the size in the binary image header.[0m
[0;32mI (306) main_task: Started on CPU0[0m
[0;32mI (316) main_task: Calling app_main()[0m
[0;32mI (316) gpio: GPIO[5]| InputEn: 0| OutputEn: 0| OpenDrain: 0| Pullup: 1| Pulldown: 0| Intr:0 [0m
[0;32mI (316) gpio: GPIO[2]| InputEn: 0| OutputEn: 0| OpenDrain: 0| Pullup: 1| Pulldown: 0| Intr:0 [0m

assert failed: tcpip_callback /IDF/components/lwip/lwip/src/api/tcpip.c:318 (Invalid mbox)


Backtrace: 0x400818c1:0x3ffb95d0 0x400857c5:0x3ffb95f0 0x4008b689:0x3ffb9610 0x400d9dfe:0x3ffb9730 0x400d9dac:0x3ffb9750 0x400d6f56:0x3ffb9770 0x400d6f6b:0x3ffb9790 0x400d6f2e:0x3ffb97e0 0x400f41dc:0x3ffb9810 0x40085fb9:0x3ffb9840




ELF file SHA256: fec53044e

Rebooting...
ets Jul 29 2019 12:21:46

rst:0xc (SW_CPU_RESET),boot:0x13 (SPI_FAST_FLASH_BOOT)
configsip: 0, SPIWP:0xee
clk_drv:0x00,q_drv:0x00,d_drv:0x00,cs0_drv:0x00,hd_drv:0x00,wp_drv:0x00
mode:DIO, clock div:2
load:0x3fff0030,len:6276
load:0x40078000,len:15716
load:0x40080400,len:4
ho 8 tail 4 room 4
load:0x40080404,len:3860
entry 0x4008063c
[0;32mI (31) boot: ESP-IDF v5.4 2nd stage bootloader[0m
[0;32mI (31) boot: compile time Jan 22 2025 18:21:57[0m
[0;32mI (31) boot: Multicore bootloader[0m
[0;32mI (32) boot: chip revision: v3.1[0m
[0;32mI (35) boot.esp32: SPI Speed      : 40MHz[0m
[0;32mI (39) boot.esp32: SPI Mode       : DIO[0m
[0;32mI (42) boot.esp32: SPI Flash Size : 2MB[0m
[0;32mI (46) boot: Enabling RNG early entropy source...[0m
[0;32mI (50) boot: Partition Table:[0m
[0;32mI (53) boot: ## Label            Usage          Type ST Offset   Length[0m
[0;32mI (59) boot:  0 nvs              WiFi data        01 02 00009000 00006000[0m
[0;32mI (66) boot:  1 phy_init         RF data          01 01 0000f000 00001000[0m
[0;32mI (72) boot:  2 factory          factory app      00 00 00010000 00100000[0m
[0;32mI (79) boot: End of partition table[0m
[0;32mI (82) esp_image: segment 0: paddr=00010020 vaddr=3f400020 size=0c9ach ( 51628) map[0m
[0;32mI (107) esp_image: segment 1: paddr=0001c9d4 vaddr=3ff80000 size=0001ch (    28) load[0m
[0;32mI (108) esp_image: segment 2: paddr=0001c9f8 vaddr=3ffb0000 size=023dch (  9180) load[0m
[0;32mI (115) esp_image: segment 3: paddr=0001eddc vaddr=40080000 size=0123ch (  4668) load[0m
[0;32mI (121) esp_image: segment 4: paddr=00020020 vaddr=400d0020 size=24814h (149524) map[0m
[0;32mI (177) esp_image: segment 5: paddr=0004483c vaddr=4008123c size=0ba64h ( 47716) load[0m
[0;32mI (202) boot: Loaded app from partition at offset 0x10000[0m
[0;32mI (202) boot: Disabling RNG early entropy source...[0m
[0;32mI (213) cpu_start: Multicore app[0m
[0;32mI (221) cpu_start: Pro cpu start user code[0m
[0;32mI (221) cpu_start: cpu freq: 160000000 Hz[0m
[0;32mI (221) app_init: Application information:[0m
[0;32mI (221) app_init: Project name:     read_write_blink[0m
[0;32mI (226) app_init: App version:      1[0m
[0;32mI (229) app_init: Compile time:     Jan 22 2025 18:20:38[0m
[0;32mI (234) app_init: ELF file SHA256:  fec53044e...[0m
[0;32mI (239) app_init: ESP-IDF:          v5.4[0m
[0;32mI (242) efuse_init: Min chip rev:     v0.0[0m
[0;32mI (246) efuse_init: Max chip rev:     v3.99 [0m
[0;32mI (250) efuse_init: Chip rev:         v3.1[0m
[0;32mI (254) heap_init: Initializing. RAM available for dynamic allocation:[0m
[0;32mI (260) heap_init: At 3FFAE6E0 len 00001920 (6 KiB): DRAM[0m
[0;32mI (265) heap_init: At 3FFB8518 len 00027AE8 (158 KiB): DRAM[0m
[0;32mI (271) heap_init: At 3FFE0440 len 00003AE0 (14 KiB): D/IRAM[0m
I (276) heap_init: At 3FFE4350 len 0001BCB0 (111 KiB): D/IRAM
[0;32mI (282) heap_init: At 4008CCA0 len 00013360 (76 KiB): IRAM[0m
[0;32mI (288) spi_flash: detected chip: generic[0m
[0;32mI (290) spi_flash: flash io: dio[0m
[0;33mW (293) spi_flash: Detected size(4096k) larger than the size in the binary image header(2048k). Using the size in the binary image header.[0m
[0;32mI (306) main_task: Started on CPU0[0m
[0;32mI (316) main_task: Calling app_main()[0m
[0;32mI (316) gpio: GPIO[5]| InputEn: 0| OutputEn: 0| OpenDrain: 0| Pullup: 1| Pulldown: 0| Intr:0 [0m
[0;32mI (316) gpio: GPIO[2]| InputEn: 0| OutputEn: 0| OpenDrain: 0| Pullup: 1| Pulldown: 0| Intr:0 [0m

assert failed: tcpip_callback /IDF/components/lwip/lwip/src/api/tcpip.c:318 (Invalid mbox)


Backtrace: 0x400818c1:0x3ffb95d0 0x400857c5:0x3ffb95f0 0x4008b689:0x3ffb9610 0x400d9dfe:0x3ffb9730 0x400d9dac:0x3ffb9750 0x400d6f56:0x3ffb9770 0x400d6f6b:0x3ffb9790 0x400d6f2e:0x3ffb97e0 0x400f41dc:0x3ffb9810 0x40085fb9:0x3ffb9840




ELF file SHA256: fec53044e

Rebooting...
ets Jul 29 2019 12:21:46

rst:0xc (SW_CPU_RESET),boot:0x13 (SPI_FAST_FLASH_BOOT)
configsip: 0, SPIWP:0xee
clk_drv:0x00,q_drv:0x00,d_drv:0x00,cs0_drv:0x00,hd_drv:0x00,wp_drv:0x00
mode:DIO, clock div:2
load:0x3fff0030,len:6276
load:0x40078000,len:15716
load:0x40080400,len:4
ho 8 tail 4 room 4
load:0x40080404,len:3860
entry 0x4008063c
[0;32mI (31) boot: ESP-IDF v5.4 2nd stage bootloader[0m
[0;32mI (31) boot: compile time Jan 22 2025 18:21:57[0m
[0;32mI (31) boot: Multicore bootloader[0m
[0;32mI (32) boot: chip revision: v3.1[0m
[0;32mI (35) boot.esp32: SPI Speed      : 40MHz[0m
[0;32mI (39) boot.esp32: SPI Mode       : DIO[0m
[0;32mI (42) boot.esp32: SPI Flash Size : 2MB[0m
[0;32mI (46) boot: Enabling RNG early entropy source...[0m
[0;32mI (50) boot: Partition Table:[0m
[0;32mI (53) boot: ## Label            Usage          Type ST Offset   Length[0m
[0;32mI (59) boot:  0 nvs              WiFi data        01 02 00009000 00006000[0m
[0;32mI (66) boot:  1 phy_init         RF data          01 01 0000f000 00001000[0m
[0;32mI (72) boot:  2 factory          factory app      00 00 00010000 00100000[0m
[0;32mI (79) boot: End of partition table[0m
[0;32mI (82) esp_image: segment 0: paddr=00010020 vaddr=3f400020 size=0c9ach ( 51628) map[0m
[0;32mI (107) esp_image: segment 1: paddr=0001c9d4 vaddr=3ff80000 size=0001ch (    28) load[0m
[0;32mI (108) esp_image: segment 2: paddr=0001c9f8 vaddr=3ffb0000 size=023dch (  9180) load[0m
[0;32mI (115) esp_image: segment 3: paddr=0001eddc vaddr=40080000 size=0123ch (  4668) load[0m
[0;32mI (121) esp_image: segment 4: paddr=00020020 vaddr=400d0020 size=24814h (149524) map[0m
[0;32mI (177) esp_image: segment 5: paddr=0004483c vaddr=4008123c size=0ba64h ( 47716) load[0m
[0;32mI (202) boot: Loaded app from partition at offset 0x10000[0m
[0;32mI (202) boot: Disabling RNG early entropy source...[0m
[0;32mI (213) cpu_start: Multicore app[0m
[0;32mI (221) cpu_start: Pro cpu start user code[0m
[0;32mI (221) cpu_start: cpu freq: 160000000 Hz[0m
[0;32mI (221) app_init: Application information:[0m
[0;32mI (221) app_init: Project name:     read_write_blink[0m
[0;32mI (226) app_init: App version:      1[0m
[0;32mI (229) app_init: Compile time:     Jan 22 2025 18:20:38[0m
[0;32mI (234) app_init: ELF file SHA256:  fec53044e...[0m
[0;32mI (239) app_init: ESP-IDF:          v5.4[0m
[0;32mI (242) efuse_init: Min chip rev:     v0.0[0m
[0;32mI (246) efuse_init: Max chip rev:     v3.99 [0m
[0;32mI (250) efuse_init: Chip rev:         v3.1[0m
[0;32mI (254) heap_init: Initializing. RAM available for dynamic allocation:[0m
[0;32mI (260) heap_init: At 3FFAE6E0 len 00001920 (6 KiB): DRAM[0m
[0;32mI (265) heap_init: At 3FFB8518 len 00027AE8 (158 KiB): DRAM[0m
[0;32mI (271) heap_init: At 3FFE0440 len 00003AE0 (14 KiB): D/IRAM[0m
[0;32mI (276) heap_init: At 3FFE4350 len 0001BCB0 (111 KiB): D/IRAM[0m
[0;32mI (282) heap_init: At 4008CCA0 len 00013360 (76 KiB): IRAM[0m
[0;32mI (288) spi_flash: detected chip: generic[0m
[0;32mI (290) spi_flash: flash io: dio[0m
[0;33mW (293) spi_flash: Detected size(4096k) larger than the size in the binary image header(2048k). Using the size in the binary image header.[0m
[0;32mI (306) main_task: Started on CPU0[0m
[0;32mI (316) main_task: Calling app_main()[0m
[0;32mI (316) gpio: GPIO[5]| InputEn: 0| OutputEn: 0| OpenDrain: 0| Pullup: 1| Pulldown: 0| Intr:0 [0m
[0;32mI (316) gpio: GPIO[2]| InputEn: 0| OutputEn: 0| OpenDrain: 0| Pullup: 1| Pulldown: 0| Intr:0 [0m

assert failed: tcpip_callback /IDF/components/lwip/lwip/src/api/tcpip.c:318 (Invalid mbox)


Backtrace: 0x400818c1:0x3ffb95d0 0x400857c5:0x3ffb95f0 0x4008b689:0x3ffb9610 0x400d9dfe:0x3ffb9730 0x400d9dac:0x3ffb9750 0x400d6f56:0x3ffb9770 0x400d6f6b:0x3ffb9790 0x400d6f2e:0x3ffb97e0 0x400f41dc:0x3ffb9810 0x40085fb9:0x3ffb9840




ELF file SHA256: fec53044e

Rebooting...
ets Jul 29 2019 12:21:46

rst:0xc (SW_CPU_RESET),boot:0x13 (SPI_FAST_FLASH_BOOT)
configsip: 0, SPIWP:0xee
clk_drv:0x00,q_drv:0x00,d_drv:0x00,cs0_drv:0x00,hd_drv:0x00,wp_drv:0x00
mode:DIO, clock div:2
load:0x3fff0030,len:6276
load:0x40078000,len:15716
load:0x40080400,len:4
ho 8 tail 4 room 4
load:0x40080404,len:3860
entry 0x4008063c
[0;32mI (31) boot: ESP-IDF v5.4 2nd stage bootloader[0m
[0;32mI (31) boot: compile time Jan 22 2025 18:21:57[0m
[0;32mI (31) boot: Multicore bootloader[0m
[0;32mI (32) boot: chip revision: v3.1[0m
[0;32mI (35) boot.esp32: SPI Speed      : 40MHz[0m
[0;32mI (39) boot.esp32: SPI Mode       : DIO[0m
[0;32mI (42) boot.esp32: SPI Flash Size : 2MB[0m
[0;32mI (46) boot: Enabling RNG early entropy source...[0m
[0;32mI (50) boot: Partition Table:[0m
[0;32mI (53) boot: ## Label            Usage          Type ST Offset   Length[0m
[0;32mI (59) boot:  0 nvs              WiFi data        01 02 00009000 00006000[0m
[0;32mI (66) boot:  1 phy_init         RF data          01 01 0000f000 00001000[0m
[0;32mI (72) boot:  2 factory          factory app      00 00 00010000 00100000[0m
[0;32mI (79) boot: End of partition table[0m
[0;32mI (82) esp_image: segment 0: paddr=00010020 vaddr=3f400020 size=0c9ach ( 51628) map[0m
[0;32mI (107) esp_image: segment 1: paddr=0001c9d4 vaddr=3ff80000 size=0001ch (    28) load[0m
[0;32mI (108) esp_image: segment 2: paddr=0001c9f8 vaddr=3ffb0000 size=023dch (  9180) load[0m
[0;32mI (115) esp_image: segment 3: paddr=0001eddc vaddr=40080000 size=0123ch (  4668) load[0m
[0;32mI (121) esp_image: segment 4: paddr=00020020 vaddr=400d0020 size=24814h (149524) map[0m
[0;32mI (177) esp_image: segment 5: paddr=0004483c vaddr=4008123c size=0ba64h ( 47716) load[0m
[0;32mI (202) boot: Loaded app from partition at offset 0x10000[0m
[0;32mI (202) boot: Disabling RNG early entropy source...[0m
[0;32mI (213) cpu_start: Multicore app[0m
[0;32mI (221) cpu_start: Pro cpu start user code[0m
[0;32mI (221) cpu_start: cpu freq: 160000000 Hz[0m
[0;32mI (221) app_init: Application information:[0m
[0;32mI (221) app_init: Project name:     read_write_blink[0m
[0;32mI (226) app_init: App version:      1[0m
[0;32mI (229) app_init: Compile time:     Jan 22 2025 18:20:38[0m
[0;32mI (234) app_init: ELF file SHA256:  fec53044e...[0m
[0;32mI (239) app_init: ESP-IDF:          v5.4[0m
[0;32mI (242) efuse_init: Min chip rev:     v0.0[0m
[0;32mI (246) efuse_init: Max chip rev:     v3.99 [0m
[0;32mI (250) efuse_init: Chip rev:         v3.1[0m
[0;32mI (254) heap_init: Initializing. RAM available for dynamic allocation:[0m
[0;32mI (260) heap_init: At 3FFAE6E0 len 00001920 (6 KiB): DRAM[0m
[0;32mI (265) heap_init: At 3FFB8518 len 00027AE8 (158 KiB): DRAM[0m
[0;32mI (271) heap_init: At 3FFE0440 len 00003AE0 (14 KiB): D/IRAM[0m
[0;32mI (276) heap_init: At 3FFE4350 len 0001BCB0 (111 KiB): D/IRAM[0m
[0;32mI (282) heap_init: At 4008CCA0 len 00013360 (76 KiB): IRAM[0m
[0;32mI (288) spi_flash: detected chip: generic[0m
[0;32mI (291) spi_flash: flash io: dio[0m
[0;33mW (293) spi_flash: Detected size(4096k) larger than the size in the binary image header(2048k). Using the size in the binary image header.[0m
[0;32mI (306) main_task: Started on CPU0[0m
[0;32mI (316) main_task: Calling app_main()[0m
[0;32mI (316) gpio: GPIO[5]| InputEn: 0| OutputEn: 0| OpenDrain: 0| Pullup: 1| Pulldown: 0| Intr:0 [0m
[0;32mI (316) gpio: GPIO[2]| InputEn: 0| OutputEn: 0| OpenDrain: 0| Pullup: 1| Pulldown: 0| Intr:0 [0m

assert failed: tcpip_callback /IDF/components/lwip/lwip/src/api/tcpip.c:318 (Invalid mbox)


Backtrace: 0x400818c1:0x3ffb95d0 0x400857c5:0x3ffb95f0 0x4008b689:0x3ffb9610 0x400d9dfe:0x3ffb9730 0x400d9dac:0x3ffb9750 0x400d6f56:0x3ffb9770 0x400d6f6b:0x3ffb9790 0x400d6f2e:0x3ffb97e0 0x400f41dc:0x3ffb9810 0x40085fb9:0x3ffb9840




ELF file SHA256: fec53044e

Rebooting...
ets Jul 29 2019 12:21:46

rst:0xc (SW_CPU_RESET),boot:0x13 (SPI_FAST_FLASH_BOOT)
configsip: 0, SPIWP:0xee
clk_drv:0x00,q_drv:0x00,d_drv:0x00,cs0_drv:0x00,hd_drv:0x00,wp_drv:0x00
mode:DIO, clock div:2
load:0x3fff0030,len:6276
load:0x40078000,len:15716
load:0x40080400,len:4
ho 8 tail 4 room 4
load:0x40080404,len:3860
entry 0x4008063c
[0;32mI (31) boot: ESP-IDF v5.4 2nd stage bootloader[0m
[0;32mI (31) boot: compile time Jan 22 2025 18:21:57[0m
[0;32mI (31) boot: Multicore bootloader[0m
[0;32mI (32) boot: chip revision: v3.1[0m
[0;32mI (35) boot.esp32: SPI Speed      : 40MHz[0m
[0;32mI (39) boot.esp32: SPI Mode       : DIO[0m
[0;32mI (42) boot.esp32: SPI Flash Size : 2MB[0m
[0;32mI (46) boot: Enabling RNG early entropy source...[0m
[0;32mI (50) boot: Partition Table:[0m
[0;32mI (53) boot: ## Label            Usage          Type ST Offset   Length[0m
[0;32mI (59) boot:  0 nvs              WiFi data        01 02 00009000 00006000[0m
[0;32mI (66) boot:  1 phy_init         RF data          01 01 0000f000 00001000[0m
[0;32mI (72) boot:  2 factory          factory app      00 00 00010000 00100000[0m
[0;32mI (79) boot: End of partition table[0m
[0;32mI (82) esp_image: segment 0: paddr=00010020 vaddr=3f400020 size=0c9ach ( 51628) map[0m
[0;32mI (107) esp_image: segment 1: paddr=0001c9d4 vaddr=3ff80000 size=0001ch (    28) load[0m
[0;32mI (108) esp_image: segment 2: paddr=0001c9f8 vaddr=3ffb0000 size=023dch (  9180) load[0m
[0;32mI (115) esp_image: segment 3: paddr=0001eddc vaddr=40080000 size=0123ch (  4668) load[0m
[0;32mI (121) esp_image: segment 4: paddr=00020020 vaddr=400d0020 size=24814h (149524) map[0m
[0;32mI (177) esp_image: segment 5: paddr=0004483c vaddr=4008123c size=0ba64h ( 47716) load[0m
[0;32mI (202) boot: Loaded app from partition at offset 0x10000[0m
[0;32mI (202) boot: Disabling RNG early entropy source...[0m
[0;32mI (213) cpu_start: Multicore app[0m
[0;32mI (221) cpu_start: Pro cpu start user code[0m
[0;32mI (221) cpu_start: cpu freq: 160000000 Hz[0m
[0;32mI (221) app_init: Application information:[0m
[0;32mI (221) app_init: Project name:     read_write_blink[0m
[0;32mI (226) app_init: App version:      1[0m
[0;32mI (229) app_init: Compile time:     Jan 22 2025 18:20:38[0m
[0;32mI (234) app_init: ELF file SHA256:  fec53044e...[0m
[0;32mI (239) app_init: ESP-IDF:          v5.4[0m
[0;32mI (242) efuse_init: Min chip rev:     v0.0[0m
[0;32mI (246) efuse_init: Max chip rev:     v3.99 [0m
[0;32mI (250) efuse_init: Chip rev:         v3.1[0m
[0;32mI (254) heap_init: Initializing. RAM available for dynamic allocation:[0m
[0;32mI (260) heap_init: At 3FFAE6E0 len 00001920 (6 KiB): DRAM[0m
[0;32mI (265) heap_init: At 3FFB8518 len 00027AE8 (158 KiB): DRAM[0m
[0;32mI (271) heap_init: At 3FFE0440 len 00003AE0 (14 KiB): D/IRAM[0m
[0;32mI (276) heap_init: At 3FFE4350 len 0001BCB0 (111 KiB): D/IRAM[0m
[0;32mI (282) heap_init: At 4008CCA0 len 00013360 (76 KiB): IRAM[0m
[0;32mI (288) spi_flash: detected chip: generic[0m
[0;32mI (290) spi_flash: flash io: dio[0m
[0;33mW (293) spi_flash: Detected size(4096k) larger than the size in the binary image header(2048k). Using the size in the binary image header.[0m
[0;32mI (306) main_task: Started on CPU0[0m
[0;32mI (316) main_task: Calling app_main()[0m
[0;32mI (316) gpio: GPIO[5]| InputEn: 0| OutputEn: 0| OpenDrain: 0| Pullup: 1| Pulldown: 0| Intr:0 [0m
[0;32mI (316) gpio: GPIO[2]| InputEn: 0| OutputEn: 0| OpenDrain: 0| Pullup: 1| Pulldown: 0| Intr:0 [0m

assert failed: tcpip_callback /IDF/components/lwip/lwip/src/api/tcpip.c:318 (Invalid mbox)


Backtrace: 0x400818c1:0x3ffb95d0 0x400857c5:0x3ffb95f0 0x4008b689:0x3ffb9610 0x400d9dfe:0x3ffb9730 0x400d9dac:0x3ffb9750 0x400d6f56:0x3ffb9770 0x400d6f6b:0x3ffb9790 0x400d6f2e:0x3ffb97e0 0x400f41dc:0x3ffb9810 0x40085fb9:0x3ffb9840




ELF file SHA256: fec53044e

Rebooting...
ets Jul 29 2019 12:21:46

rst:0xc (SW_CPU_RESET),boot:0x13 (SPI_FAST_FLASH_BOOT)
configsip: 0, SPIWP:0xee
clk_drv:0x00,q_drv:0x00,d_drv:0x00,cs0_drv:0x00,hd_drv:0x00,wp_drv:0x00
mode:DIO, clock div:2
load:0x3fff0030,len:6276
load:0x40078000,len:15716
load:0x40080400,len:4
ho 8 tail 4 room 4
load:0x40080404,len:3860
entry 0x4008063c
[0;32mI (31) boot: ESP-IDF v5.4 2nd stage bootloader[0m
[0;32mI (31) boot: compile time Jan 22 2025 18:21:57[0m
[0;32mI (31) boot: Multicore bootloader[0m
[0;32mI (32) boot: chip revision: v3.1[0m
[0;32mI (35) boot.esp32: SPI Speed      : 40MHz[0m
[0;32mI (39) boot.esp32: SPI Mode       : DIO[0m
[0;32mI (42) boot.esp32: SPI Flash Size : 2MB[0m
[0;32mI (46) boot: Enabling RNG early entropy source...[0m
[0;32mI (50) boot: Partition Table:[0m
[0;32mI (53) boot: ## Label            Usage          Type ST Offset   Length[0m
[0;32mI (59) boot:  0 nvs              WiFi data        01 02 00009000 00006000[0m
[0;32mI (66) boot:  1 phy_init         RF data          01 01 0000f000 00001000[0m
[0;32mI (72) boot:  2 factory          factory app      00 00 00010000 00100000[0m
[0;32mI (79) boot: End of partition table[0m
[0;32mI (82) esp_image: segment 0: paddr=00010020 vaddr=3f400020 size=0c9ach ( 51628) map[0m
[0;32mI (107) esp_image: segment 1: paddr=0001c9d4 vaddr=3ff80000 size=0001ch (    28) load[0m
[0;32mI (108) esp_image: segment 2: paddr=0001c9f8 vaddr=3ffb0000 size=023dch (  9180) load[0m
[0;32mI (115) esp_image: segment 3: paddr=0001eddc vaddr=40080000 size=0123ch (  4668) load[0m
[0;32mI (121) esp_image: segment 4: paddr=00020020 vaddr=400d0020 size=24814h (149524) map[0m
[0;32mI (177) esp_image: segment 5: paddr=0004483c vaddr=4008123c size=0ba64h ( 47716) load[0m
[0;32mI (202) boot: Loaded app from partition at offset 0x10000[0m
[0;32mI (202) boot: Disabling RNG early entropy source...[0m
[0;32mI (213) cpu_start: Multicore app[0m
[0;32mI (221) cpu_start: Pro cpu start user code[0m
[0;32mI (221) cpu_start: cpu freq: 160000000 Hz[0m
[0;32mI (221) app_init: Application information:[0m
[0;32mI (221) app_init: Project name:     read_write_blink[0m
[0;32mI (226) app_init: App version:      1[0m
[0;32mI (229) app_init: Compile time:     Jan 22 2025 18:20:38[0m
[0;32mI (234) app_init: ELF file SHA256:  fec53044e...[0m
[0;32mI (239) app_init: ESP-IDF:          v5.4[0m
[0;32mI (242) efuse_init: Min chip rev:     v0.0[0m
[0;32mI (246) efuse_init: Max chip rev:     v3.99 [0m
[0;32mI (250) efuse_init: Chip rev:         v3.1[0m
[0;32mI (254) heap_init: Initializing. RAM available for dynamic allocation:[0m
[0;32mI (260) heap_init: At 3FFAE6E0 len 00001920 (6 KiB): DRAM[0m
[0;32mI (265) heap_init: At 3FFB8518 len 00027AE8 (158 KiB): DRAM[0m
[0;32mI (271) heap_init: At 3FFE0440 len 00003AE0 (14 KiB): D/IRAM[0m
[0;32mI (276) heap_init: At 3FFE4350 len 0001BCB0 (111 KiB): D/IRAM[0m
[0;32mI (282) heap_init: At 4008CCA0 len 00013360 (76 KiB): IRAM[0m
[0;32mI (288) spi_flash: detected chip: generic[0m
[0;32mI (290) spi_flash: flash io: dio[0m
[0;33mW (293) spi_flash: Detected size(4096k) larger than the size in the binary image header(2048k). Using the size in the binary image header.[0m
[0;32mI (306) main_task: Started on CPU0[0m
[0;32mI (316) main_task: Calling app_main()[0m
[0;32mI (316) gpio: GPIO[5]| InputEn: 0| OutputEn: 0| OpenDrain: 0| Pullup: 1| Pulldown: 0| Intr:0 [0m
[0;32mI (316) gpio: GPIO[2]| InputEn: 0| OutputEn: 0| OpenDrain: 0| Pullup: 1| Pulldown: 0| Intr:0 [0m

assert failed: tcpip_callback /IDF/components/lwip/lwip/src/api/tcpip.c:318 (Invalid mbox)


Backtrace: 0x400818c1:0x3ffb95d0 0x400857c5:0x3ffb95f0 0x4008b689:0x3ffb9610 0x400d9dfe:0x3ffb9730 0x400d9dac:0x3ffb9750 0x400d6f56:0x3ffb9770 0x400d6f6b:0x3ffb9790 0x400d6f2e:0x3ffb97e0 0x400f41dc:0x3ffb9810 0x40085fb9:0x3ffb9840




ELF file SHA256: fec53044e

Rebooting...
ets Jul 29 2019 12:21:46

rst:0xc (SW_CPU_RESET),boot:0x13 (SPI_FAST_FLASH_BOOT)
configsip: 0, SPIWP:0xee
clk_drv:0x00,q_drv:0x00,d_drv:0x00,cs0_drv:0x00,hd_drv:0x00,wp_drv:0x00
mode:DIO, clock div:2
load:0x3fff0030,len:6276
load:0x40078000,len:15716
load:0x40080400,len:4
ho 8 tail 4 room 4
load:0x40080404,len:3860
entry 0x4008063c
[0;32mI (31) boot: ESP-IDF v5.4 2nd stage bootloader[0m
[0;32mI (31) boot: compile time Jan 22 2025 18:21:57[0m
[0;32mI (31) boot: Multicore bootloader[0m
[0;32mI (32) boot: chip revision: v3.1[0m
[0;32mI (35) boot.esp32: SPI Speed      : 40MHz[0m
[0;32mI (39) boot.esp32: SPI Mode       : DIO[0m
[0;32mI (42) boot.esp32: SPI Flash Size : 2MB[0m
[0;32mI (46) boot: Enabling RNG early entropy source...[0m
[0;32mI (50) boot: Partition Table:[0m
[0;32mI (53) boot: ## Label            Usage          Type ST Offset   Length[0m
[0;32mI (59) boot:  0 nvs              WiFi data        01 02 00009000 00006000[0m
[0;32mI (66) boot:  1 phy_init         RF data          01 01 0000f000 00001000[0m
[0;32mI (72) boot:  2 factory          factory app      00 00 00010000 00100000[0m
[0;32mI (79) boot: End of partition table[0m
[0;32mI (82) esp_image: segment 0: paddr=00010020 vaddr=3f400020 size=0c9ach ( 51628) map[0m
[0;32mI (107) esp_image: segment 1: paddr=0001c9d4 vaddr=3ff80000 size=0001ch (    28) load[0m
[0;32mI (108) esp_image: segment 2: paddr=0001c9f8 vaddr=3ffb0000 size=023dch (  9180) load[0m
[0;32mI (115) esp_image: segment 3: paddr=0001eddc vaddr=40080000 size=0123ch (  4668) load[0m
[0;32mI (121) esp_image: segment 4: paddr=00020020 vaddr=400d0020 size=24814h (149524) map[0m
[0;32mI (177) esp_image: segment 5: paddr=0004483c vaddr=4008123c size=0ba64h ( 47716) load[0m
[0;32mI (202) boot: Loaded app from partition at offset 0x10000[0m
[0;32mI (202) boot: Disabling RNG early entropy source...[0m
[0;32mI (213) cpu_start: Multicore app[0m
[0;32mI (221) cpu_start: Pro cpu start user code[0m
[0;32mI (221) cpu_start: cpu freq: 160000000 Hz[0m
[0;32mI (221) app_init: Application information:[0m
[0;32mI (221) app_init: Project name:     read_write_blink[0m
[0;32mI (226) app_init: App version:      1[0m
[0;32mI (229) app_init: Compile time:     Jan 22 2025 18:20:38[0m
[0;32mI (234) app_init: ELF file SHA256:  fec53044e...[0m
[0;32mI (239) app_init: ESP-IDF:          v5.4[0m
[0;32mI (242) efuse_init: Min chip rev:     v0.0[0m
[0;32mI (246) efuse_init: Max chip rev:     v3.99 [0m
[0;32mI (250) efuse_init: Chip rev:         v3.1[0m
[0;32mI (254) heap_init: Initializing. RAM available for dynamic allocation:[0m
[0;32mI (260) heap_init: At 3FFAE6E0 len 00001920 (6 KiB): DRAM[0m
[0;32mI (265) heap_init: At 3FFB8518 len 00027AE8 (158 KiB): DRAM[0m
[0;32mI (271) heap_init: At 3FFE0440 len 00003AE0 (14 KiB): D/IRAM[0m
[0;32mI (276) heap_init: At 3FFE4350 len 0001BCB0 (111 KiB): D/IRAM[0m
[0;32mI (282) heap_init: At 4008CCA0 len 00013360 (76 KiB): IRAM[0m
[0;32mI (288) spi_flash: detected chip: generic[0m
[0;32mI (290) spi_flash: flash io: dio[0m
[0;33mW (293) spi_flash: Detected size(4096k) larger than the size in the binary image header(2048k). Using the size in the binary image header.[0m
[0;32mI (306) main_task: Started on CPU0[0m
[0;32mI (316) main_task: Calling app_main()[0m
[0;32mI (316) gpio: GPIO[5]| InputEn: 0| OutputEn: 0| OpenDrain: 0| Pullup: 1| Pulldown: 0| Intr:0 [0m
[0;32mI (316) gpio: GPIO[2]| InputEn: 0| OutputEn: 0| OpenDrain: 0| Pullup: 1| Pulldown: 0| Intr:0 [0m

assert failed: tcpip_callback /IDF/components/lwip/lwip/src/api/tcpip.c:318 (Invalid mbox)


Backtrace: 0x400818c1:0x3ffb95d0 0x400857c5:0x3ffb95f0 0x4008b689:0x3ffb9610 0x400d9dfe:0x3ffb9730 0x400d9dac:0x3ffb9750 0x400d6f56:0x3ffb9770 0x400d6f6b:0x3ffb9790 0x400d6f2e:0x3ffb97e0 0x400f41dc:0x3ffb9810 0x40085fb9:0x3ffb9840




ELF file SHA256: fec53044e

Rebooting...
ets Jul 29 2019 12:21:46

rst:0xc (SW_CPU_RESET),boot:0x13 (SPI_FAST_FLASH_BOOT)
configsip: 0, SPIWP:0xee
clk_drv:0x00,q_drv:0x00,d_drv:0x00,cs0_drv:0x00,hd_drv:0x00,wp_drv:0x00
mode:DIO, clock div:2
load:0x3fff0030,len:6276
load:0x40078000,len:15716
load:0x40080400,len:4
ho 8 tail 4 room 4
load:0x40080404,len:3860
entry 0x4008063c
[0;32mI (31) boot: ESP-IDF v5.4 2nd stage bootloader[0m
[0;32mI (31) boot: compile time Jan 22 2025 18:21:57[0m
[0;32mI (31) boot: Multicore bootloader[0m
[0;32mI (32) boot: chip revision: v3.1[0m
[0;32mI (35) boot.esp32: SPI Speed      : 40MHz[0m
[0;32mI (39) boot.esp32: SPI Mode       : DIO[0m
[0;32mI (42) boot.esp32: SPI Flash Size : 2MB[0m
[0;32mI (46) boot: Enabling RNG early entropy source...[0m
[0;32mI (50) boot: Partition Table:[0m
[0;32mI (53) boot: ## Label            Usage          Type ST Offset   Length[0m
[0;32mI (59) boot:  0 nvs              WiFi data        01 02 00009000 00006000[0m
[0;32mI (66) boot:  1 phy_init         RF data          01 01 0000f000 00001000[0m
[0;32mI (72) boot:  2 factory          factory app      00 00 00010000 00100000[0m
[0;32mI (79) boot: End of partition table[0m
[0;32mI (82) esp_image: segment 0: paddr=00010020 vaddr=3f400020 size=0c9ach ( 51628) map[0m
[0;32mI (107) esp_image: segment 1: paddr=0001c9d4 vaddr=3ff80000 size=0001ch (    28) load[0m
[0;32mI (108) esp_image: segment 2: paddr=0001c9f8 vaddr=3ffb0000 size=023dch (  9180) load[0m
[0;32mI (115) esp_image: segment 3: paddr=0001eddc vaddr=40080000 size=0123ch (  4668) load[0m
[0;32mI (121) esp_image: segment 4: paddr=00020020 vaddr=400d0020 size=24814h (149524) map[0m
[0;32mI (177) esp_image: segment 5: paddr=0004483c vaddr=4008123c size=0ba64h ( 47716) load[0m
[0;32mI (202) boot: Loaded app from partition at offset 0x10000[0m
[0;32mI (202) boot: Disabling RNG early entropy source...[0m
[0;32mI (213) cpu_start: Multicore app[0m
[0;32mI (221) cpu_start: Pro cpu start user code[0m
[0;32mI (221) cpu_start: cpu freq: 160000000 Hz[0m
[0;32mI (221) app_init: Application information:[0m
[0;32mI (221) app_init: Project name:     read_write_blink[0m
[0;32mI (226) app_init: App version:      1[0m
[0;32mI (229) app_init: Compile time:     Jan 22 2025 18:20:38[0m
[0;32mI (234) app_init: ELF file SHA256:  fec53044e...[0m
[0;32mI (239) app_init: ESP-IDF:          v5.4[0m
[0;32mI (242) efuse_init: Min chip rev:     v0.0[0m
[0;32mI (246) efuse_init: Max chip rev:     v3.99 [0m
[0;32mI (250) efuse_init: Chip rev:         v3.1[0m
[0;32mI (254) heap_init: Initializing. RAM available for dynamic allocation:[0m
[0;32mI (260) heap_init: At 3FFAE6E0 len 00001920 (6 KiB): DRAM[0m
[0;32mI (265) heap_init: At 3FFB8518 len 00027AE8 (158 KiB): DRAM[0m
[0;32mI (271) heap_init: At 3FFE0440 len 00003AE0 (14 KiB): D/IRAM[0m
[0;32mI (276) heap_init: At 3FFE4350 len 0001BCB0 (111 KiB): D/IRAM[0m
[0;32mI (282) heap_init: At 4008CCA0 len 00013360 (76 KiB): IRAM[0m
[0;32mI (288) spi_flash: detected chip: generic[0m
[0;32mI (291) spi_flash: flash io: dio[0m
[0;33mW (293) spi_flash: Detected size(4096k) larger than the size in the binary image header(2048k). Using the size in the binary image header.[0m
[0;32mI (306) main_task: Started on CPU0[0m
[0;32mI (316) main_task: Calling app_main()[0m
[0;32mI (316) gpio: GPIO[5]| InputEn: 0| OutputEn: 0| OpenDrain: 0| Pullup: 1| Pulldown: 0| Intr:0 [0m
[0;32mI (316) gpio: GPIO[2]| InputEn: 0| OutputEn: 0| OpenDrain: 0| Pullup: 1| Pulldown: 0| Intr:0 [0m

assert failed: tcpip_callback /IDF/components/lwip/lwip/src/api/tcpip.c:318 (Invalid mbox)


Backtrace: 0x400818c1:0x3ffb95d0 0x400857c5:0x3ffb95f0 0x4008b689:0x3ffb9610 0x400d9dfe:0x3ffb9730 0x400d9dac:0x3ffb9750 0x400d6f56:0x3ffb9770 0x400d6f6b:0x3ffb9790 0x400d6f2e:0x3ffb97e0 0x400f41dc:0x3ffb9810 0x40085fb9:0x3ffb9840




ELF file SHA256: fec53044e

Rebooting...
ets Jul 29 2019 12:21:46

rst:0xc (SW_CPU_RESET),boot:0x13 (SPI_FAST_FLASH_BOOT)
configsip: 0, SPIWP:0xee
clk_drv:0x00,q_drv:0x00,d_drv:0x00,cs0_drv:0x00,hd_drv:0x00,wp_drv:0x00
mode:DIO, clock div:2
load:0x3fff0030,len:6276
load:0x40078000,len:15716
load:0x40080400,len:4
ho 8 tail 4 room 4
load:0x40080404,len:3860
entry 0x4008063c
[0;32mI (31) boot: ESP-IDF v5.4 2nd stage bootloader[0m
[0;32mI (31) boot: compile time Jan 22 2025 18:21:57[0m
[0;32mI (31) boot: Multicore bootloader[0m
[0;32mI (32) boot: chip revision: v3.1[0m
[0;32mI (35) boot.esp32: SPI Speed      : 40MHz[0m
[0;32mI (39) boot.esp32: SPI Mode       : DIO[0m
[0;32mI (42) boot.esp32: SPI Flash Size : 2MB[0m
[0;32mI (46) boot: Enabling RNG early entropy source...[0m
[0;32mI (50) boot: Partition Table:[0m
[0;32mI (53) boot: ## Label            Usage          Type ST Offset   Length[0m
[0;32mI (59) boot:  0 nvs              WiFi data        01 02 00009000 00006000[0m
[0;32mI (66) boot:  1 phy_init         RF data          01 01 0000f000 00001000[0m
[0;32mI (72) boot:  2 factory          factory app      00 00 00010000 00100000[0m
[0;32mI (79) boot: End of partition table[0m
[0;32mI (82) esp_image: segment 0: paddr=00010020 vaddr=3f400020 size=0c9ach ( 51628) map[0m
[0;32mI (107) esp_image: segment 1: paddr=0001c9d4 vaddr=3ff80000 size=0001ch (    28) load[0m
[0;32mI (108) esp_image: segment 2: paddr=0001c9f8 vaddr=3ffb0000 size=023dch (  9180) load[0m
[0;32mI (115) esp_image: segment 3: paddr=0001eddc vaddr=40080000 size=0123ch (  4668) load[0m
[0;32mI (121) esp_image: segment 4: paddr=00020020 vaddr=400d0020 size=24814h (149524) map[0m
[0;32mI (177) esp_image: segment 5: paddr=0004483c vaddr=4008123c size=0ba64h ( 47716) load[0m
[0;32mI (202) boot: Loaded app from partition at offset 0x10000[0m
[0;32mI (202) boot: Disabling RNG early entropy source...[0m
[0;32mI (213) cpu_start: Multicore app[0m
[0;32mI (221) cpu_start: Pro cpu start user code[0m
[0;32mI (221) cpu_start: cpu freq: 160000000 Hz[0m
[0;32mI (221) app_init: Application information:[0m
[0;32mI (221) app_init: Project name:     read_write_blink[0m
[0;32mI (226) app_init: App version:      1[0m
[0;32mI (229) app_init: Compile time:     Jan 22 2025 18:20:38[0m
[0;32mI (234) app_init: ELF file SHA256:  fec53044e...[0m
[0;32mI (239) app_init: ESP-IDF:          v5.4[0m
[0;32mI (242) efuse_init: Min chip rev:     v0.0[0m
[0;32mI (246) efuse_init: Max chip rev:     v3.99 [0m
[0;32mI (250) efuse_init: Chip rev:         v3.1[0m
[0;32mI (254) heap_init: Initializing. RAM available for dynamic allocation:[0m
[0;32mI (260) heap_init: At 3FFAE6E0 len 00001920 (6 KiB): DRAM[0m
[0;32mI (265) heap_init: At 3FFB8518 len 00027AE8 (158 KiB): DRAM[0m
[0;32mI (271) heap_init: At 3FFE0440 len 00003AE0 (14 KiB): D/IRAM[0m
[0;32mI (276) heap_init: At 3FFE4350 len 0001BCB0 (111 KiB): D/IRAM[0m
[0;32mI (282) heap_init: At 4008CCA0 len 00013360 (76 KiB): IRAM[0m
[0;32mI (288) spi_flash: detected chip: generic[0m
[0;32mI (290) spi_flash: flash io: dio[0m
[0;33mW (293) spi_flash: Detected size(4096k) larger than the size in the binary image header(2048k). Using the size in the binary image header.[0m
[0;32mI (306) main_task: Started on CPU0[0m
[0;32mI (316) main_task: Calling app_main()[0m
[0;32mI (316) gpio: GPIO[5]| InputEn: 0| OutputEn: 0| OpenDrain: 0| Pullup: 1| Pulldown: 0| Intr:0 [0m
[0;32mI (316) gpio: GPIO[2]| InputEn: 0| OutputEn: 0| OpenDrain: 0| Pullup: 1| Pulldown: 0| Intr:0 [0m

assert failed: tcpip_callback /IDF/components/lwip/lwip/src/api/tcpip.c:318 (Invalid mbox)


Backtrace: 0x400818c1:0x3ffb95d0 0x400857c5:0x3ffb95f0 0x4008b689:0x3ffb9610 0x400d9dfe:0x3ffb9730 0x400d9dac:0x3ffb9750 0x400d6f56:0x3ffb9770 0x400d6f6b:0x3ffb9790 0x400d6f2e:0x3ffb97e0 0x400f41dc:0x3ffb9810 0x40085fb9:0x3ffb9840




ELF file SHA256: fec53044e

Rebooting...
ets Jul 29 2019 12:21:46

rst:0xc (SW_CPU_RESET),boot:0x13 (SPI_FAST_FLASH_BOOT)
configsip: 0, SPIWP:0xee
clk_drv:0x00,q_drv:0x00,d_drv:0x00,cs0_drv:0x00,hd_drv:0x00,wp_drv:0x00
mode:DIO, clock div:2
load:0x3fff0030,len:6276
load:0x40078000,len:15716
load:0x40080400,len:4
ho 8 tail 4 room 4
load:0x40080404,len:3860
entry 0x4008063c
[0;32mI (31) boot: ESP-IDF v5.4 2nd stage bootloader[0m
[0;32mI (31) boot: compile time Jan 22 2025 18:21:57[0m
[0;32mI (31) boot: Multicore bootloader[0m
[0;32mI (32) boot: chip revision: v3.1[0m
[0;32mI (35) boot.esp32: SPI Speed      : 40MHz[0m
[0;32mI (39) boot.esp32: SPI Mode       : DIO[0m
[0;32mI (42) boot.esp32: SPI Flash Size : 2MB[0m
[0;32mI (46) boot: Enabling RNG early entropy source...[0m
[0;32mI (50) boot: Partition Table:[0m
[0;32mI (53) boot: ## Label            Usage          Type ST Offset   Length[0m
[0;32mI (59) boot:  0 nvs              WiFi data        01 02 00009000 00006000[0m
[0;32mI (66) boot:  1 phy_init         RF data          01 01 0000f000 00001000[0m
[0;32mI (72) boot:  2 factory          factory app      00 00 00010000 00100000[0m
[0;32mI (79) boot: End of partition table[0m
[0;32mI (82) esp_image: segment 0: paddr=00010020 vaddr=3f400020 size=0c9ach ( 51628) map[0m
[0;32mI (107) esp_image: segment 1: paddr=0001c9d4 vaddr=3ff80000 size=0001ch (    28) load[0m
[0;32mI (108) esp_image: segment 2: paddr=0001c9f8 vaddr=3ffb0000 size=023dch (  9180) load[0m
[0;32mI (115) esp_image: segment 3: paddr=0001eddc vaddr=40080000 size=0123ch (  4668) load[0m
[0;32mI (121) esp_image: segment 4: paddr=00020020 vaddr=400d0020 size=24814h (149524) map[0m
[0;32mI (177) esp_image: segment 5: paddr=0004483c vaddr=4008123c size=0ba64h ( 47716) load[0m
[0;32mI (202) boot: Loaded app from partition at offset 0x10000[0m
[0;32mI (202) boot: Disabling RNG early entropy source...[0m
[0;32mI (213) cpu_start: Multicore app[0m
[0;32mI (221) cpu_start: Pro cpu start user code[0m
[0;32mI (221) cpu_start: cpu freq: 160000000 Hz[0m
[0;32mI (221) app_init: Application information:[0m
[0;32mI (221) app_init: Project name:     read_write_blink[0m
[0;32mI (226) app_init: App version:      1[0m
[0;32mI (229) app_init: Compile time:     Jan 22 2025 18:20:38[0m
[0;32mI (234) app_init: ELF file SHA256:  fec53044e...[0m
[0;32mI (239) app_init: ESP-IDF:          v5.4[0m
[0;32mI (242) efuse_init: Min chip rev:     v0.0[0m
[0;32mI (246) efuse_init: Max chip rev:     v3.99 [0m
[0;32mI (250) efuse_init: Chip rev:         v3.1[0m
[0;32mI (254) heap_init: Initializing. RAM available for dynamic allocation:[0m
[0;32mI (260) heap_init: At 3FFAE6E0 len 00001920 (6 KiB): DRAM[0m
[0;32mI (265) heap_init: At 3FFB8518 len 00027AE8 (158 KiB): DRAM[0m
[0;32mI (271) heap_init: At 3FFE0440 len 00003AE0 (14 KiB): D/IRAM[0m
[0;32mI (276) heap_init: At 3FFE4350 len 0001BCB0 (111 KiB): D/IRAM[0m
[0;32mI (282) heap_init: At 4008CCA0 len 00013360 (76 KiB): IRAM[0m
[0;32mI (288) spi_flash: detected chip: generic[0m
[0;32mI (291) spi_flash: flash io: dio[0m
[0;33mW (293) spi_flash: Detected size(4096k) larger than the size in the binary image header(2048k). Using the size in the binary image header.[0m
[0;32mI (306) main_task: Started on CPU0[0m
[0;32mI (316) main_task: Calling app_main()[0m
[0;32mI (316) gpio: GPIO[5]| InputEn: 0| OutputEn: 0| OpenDrain: 0| Pullup: 1| Pulldown: 0| Intr:0 [0m
[0;32mI (316) gpio: GPIO[2]| InputEn: 0| OutputEn: 0| OpenDrain: 0| Pullup: 1| Pulldown: 0| Intr:0 [0m

assert failed: tcpip_callback /IDF/components/lwip/lwip/src/api/tcpip.c:318 (Invalid mbox)


Backtrace: 0x400818c1:0x3ffb95d0 0x400857c5:0x3ffb95f0 0x4008b689:0x3ffb9610 0x400d9dfe:0x3ffb9730 0x400d9dac:0x3ffb9750 0x400d6f56:0x3ffb9770 0x400d6f6b:0x3ffb9790 0x400d6f2e:0x3ffb97e0 0x400f41dc:0x3ffb9810 0x40085fb9:0x3ffb9840




ELF file SHA256: fec53044e

Rebooting...
ets Jul 29 2019 12:21:46

rst:0xc (SW_CPU_RESET),boot:0x13 (SPI_FAST_FLASH_BOOT)
configsip: 0, SPIWP:0xee
clk_drv:0x00,q_drv:0x00,d_drv:0x00,cs0_drv:0x00,hd_drv:0x00,wp_drv:0x00
mode:DIO, clock div:2
load:0x3fff0030,len:6276
load:0x40078000,len:15716
load:0x40080400,len:4
ho 8 tail 4 room 4
load:0x40080404,len:3860
entry 0x4008063c
[0;32mI (31) boot: ESP-IDF v5.4 2nd stage bootloader[0m
[0;32mI (31) boot: compile time Jan 22 2025 18:21:57[0m
[0;32mI (31) boot: Multicore bootloader[0m
[0;32mI (32) boot: chip revision: v3.1[0m
[0;32mI (35) boot.esp32: SPI Speed      : 40MHz[0m
[0;32mI (39) boot.esp32: SPI Mode       : DIO[0m
[0;32mI (42) boot.esp32: SPI Flash Size : 2MB[0m
[0;32mI (46) boot: Enabling RNG early entropy source...[0m
[0;32mI (50) boot: Partition Table:[0m
[0;32mI (53) boot: ## Label            Usage          Type ST Offset   Length[0m
[0;32mI (59) boot:  0 nvs              WiFi data        01 02 00009000 00006000[0m
[0;32mI (66) boot:  1 phy_init         RF data          01 01 0000f000 00001000[0m
[0;32mI (72) boot:  2 factory          factory app      00 00 00010000 00100000[0m
[0;32mI (79) boot: End of partition table[0m
[0;32mI (82) esp_image: segment 0: paddr=00010020 vaddr=3f400020 size=0c9ach ( 51628) map[0m
[0;32mI (107) esp_image: segment 1: paddr=0001c9d4 vaddr=3ff80000 size=0001ch (    28) load[0m
[0;32mI (108) esp_image: segment 2: paddr=0001c9f8 vaddr=3ffb0000 size=023dch (  9180) load[0m
[0;32mI (115) esp_image: segment 3: paddr=0001eddc vaddr=40080000 size=0123ch (  4668) load[0m
[0;32mI (121) esp_image: segment 4: paddr=00020020 vaddr=400d0020 size=24814h (149524) map[0m
[0;32mI (177) esp_image: segment 5: paddr=0004483c vaddr=4008123c size=0ba64h ( 47716) load[0m
[0;32mI (202) boot: Loaded app from partition at offset 0x10000[0m
[0;32mI (202) boot: Disabling RNG early entropy source...[0m
[0;32mI (213) cpu_start: Multicore app[0m
[0;32mI (221) cpu_start: Pro cpu start user code[0m
[0;32mI (221) cpu_start: cpu freq: 160000000 Hz[0m
[0;32mI (221) app_init: Application information:[0m
[0;32mI (221) app_init: Project name:     read_write_blink[0m
[0;32mI (226) app_init: App version:      1[0m
[0;32mI (229) app_init: Compile time:     Jan 22 2025 18:20:38[0m
[0;32mI (234) app_init: ELF file SHA256:  fec53044e...[0m
[0;32mI (239) app_init: ESP-IDF:          v5.4[0m
[0;32mI (242) efuse_init: Min chip rev:     v0.0[0m
[0;32mI (246) efuse_init: Max chip rev:     v3.99 [0m
[0;32mI (250) efuse_init: Chip rev:         v3.1[0m
[0;32mI (254) heap_init: Initializing. RAM available for dynamic allocation:[0m
[0;32mI (260) heap_init: At 3FFAE6E0 len 00001920 (6 KiB): DRAM[0m
[0;32mI (265) heap_init: At 3FFB8518 len 00027AE8 (158 KiB): DRAM[0m
[0;32mI (271) heap_init: At 3FFE0440 len 00003AE0 (14 KiB): D/IRAM[0m
[0;32mI (276) heap_init: At 3FFE4350 len 0001BCB0 (111 KiB): D/IRAM[0m
[0;32mI (282) heap_init: At 4008CCA0 len 00013360 (76 KiB): IRAM[0m
[0;32mI (288) spi_flash: detected chip: generic[0m
[0;32mI (290) spi_flash: flash io: dio[0m
[0;33mW (293) spi_flash: Detected size(4096k) larger than the size in the binary image header(2048k). Using the size in the binary image header.[0m
[0;32mI (306) main_task: Started on CPU0[0m
[0;32mI (316) main_task: Calling app_main()[0m
[0;32mI (316) gpio: GPIO[5]| InputEn: 0| OutputEn: 0| OpenDrain: 0| Pullup: 1| Pulldown: 0| Intr:0 [0m
[0;32mI (316) gpio: GPIO[2]| InputEn: 0| OutputEn: 0| OpenDrain: 0| Pullup: 1| Pulldown: 0| Intr:0 [0m

assert failed: tcpip_callback /IDF/components/lwip/lwip/src/api/tcpip.c:318 (Invalid mbox)


Backtrace: 0x400818c1:0x3ffb95d0 0x400857c5:0x3ffb95f0 0x4008b689:0x3ffb9610 0x400d9dfe:0x3ffb9730 0x400d9dac:0x3ffb9750 0x400d6f56:0x3ffb9770 0x400d6f6b:0x3ffb9790 0x400d6f2e:0x3ffb97e0 0x400f41dc:0x3ffb9810 0x40085fb9:0x3ffb9840




ELF file SHA256: fec53044e

Rebooting...
ets Jul 29 2019 12:21:46

rst:0xc (SW_CPU_RESET),boot:0x13 (SPI_FAST_FLASH_BOOT)
configsip: 0, SPIWP:0xee
clk_drv:0x00,q_drv:0x00,d_drv:0x00,cs0_drv:0x00,hd_drv:0x00,wp_drv:0x00
mode:DIO, clock div:2
load:0x3fff0030,len:6276
load:0x40078000,len:15716
load:0x40080400,len:4
ho 8 tail 4 room 4
load:0x40080404,len:3860
entry 0x4008063c
[0;32mI (31) boot: ESP-IDF v5.4 2nd stage bootloader[0m
